59.2709 	INFO 	Loaded monitor calibration from ['2025_08_11 21:31']
59.2835 	WARNING 	User requested fullscreen with size [1024  768], but screen is actually [1920, 1080]. Using actual size
59.5577 	INFO 	Using renderer 'Intel(R) UHD Graphics' for graphics
59.5577 	INFO 	OpenGL version supported by driver is 4..
59.9324 	EXP 	Created window1 = Window(allowGUI=False, allowStencil=False, autoLog=True, backendConf=UNKNOWN, backgroundFit=<method-wrapper '__getattribute__' of attributeSetter object at 0x00000240C9C623B0>, backgroundImage=<method-wrapper '__getattribute__' of attributeSetter object at 0x00000240C9C62410>, bitsMode=UNKNOWN, blendMode='avg', bpc=(8, 8, 8), color=array([0, 0, 0]), colorSpace='rgb', depthBits=8, fullscr=True, gamma=None, gammaErrorPolicy='raise', infoMsg=UNKNOWN, lms=UNKNOWN, monitor=<psychopy.monitors.calibTools.Monitor object at 0x00000240C81B8FD0>, multiSample=False, name='window1', numSamples=2, pos=[np.float64(0.0), np.float64(0.0)], screen=0, size=array([1920, 1080]), stencilBits=0, stereo=False, title='PsychoPy', units='height', useFBO=True, useRetina=False, viewOri=0.0, viewPos=None, viewScale=None, waitBlanking=True, winType='pyglet')
59.9324 	EXP 	window1: backgroundImage = ''
59.9324 	EXP 	window1: backgroundFit = 'none'
60.2991 	EXP 	window1: Attempting to measure frame rate of screen (0) ...
60.2991 	EXP 	window1: recordFrameIntervals = False
60.4476 	EXP 	window1: recordFrameIntervals = True
60.6312 	EXP 	Screen (0) actual frame rate measured at 59.99Hz
60.6312 	EXP 	window1: recordFrameIntervals = False
60.6794 	INFO 	keyboard.Keyboard is using ptb backend.
60.6795 	EXP 	Stroop experiment final: status = STARTED
60.7485 	EXP 	Created text_2 = TextStim(__class__=<class 'psychopy.visual.text.TextStim'>, alignHoriz=method-wrapper(...), alignText='center', alignVert=method-wrapper(...), anchorHoriz='center', anchorVert='center', antialias=True, autoDraw=False, autoLog=True, bold=False, color=array([1., 1., 1.]), colorSpace='rgb', contrast=1.0, depth=0.0, draggable=False, flipHoriz=False, flipVert=False, font='Arial', fontFiles=[], height=np.float64(0.05), italic=False, languageStyle='LTR', name='text_2', opacity=1, ori=0.0, pos=array([0., 0.]), rgb=UNKNOWN, text='welcome', units='height', win=Window(...), wrapWidth=1)
60.7539 	EXP 	Created fixation = ShapeStim(__class__=<class 'psychopy.visual.shape.ShapeStim'>, anchor=('center', 'center'), autoDraw=False, autoLog=True, closeShape=True, color=method-wrapper(...), colorSpace='rgb', contrast=None, depth=0.0, draggable=False, fillColor=array([1, 1, 1]), fillColorSpace='rgb', fillRGB=array([1, 1, 1]), interpolate=True, lineColor=array([1., 1., 1.]), lineColorSpace='rgb', lineRGB=array([1, 1, 1]), lineWidth=1.0, name='fixation', opacity=1, ori=0.0, pos=array([0., 0.]), size=array([10., 10.]), units='pix', vertices=ndarray(...), win=Window(...), windingRule=None)
60.7546 	EXP 	Created text = TextStim(__class__=<class 'psychopy.visual.text.TextStim'>, alignHoriz=method-wrapper(...), alignText='center', alignVert=method-wrapper(...), anchorHoriz='center', anchorVert='center', antialias=True, autoDraw=False, autoLog=True, bold=False, color=array([1., 1., 1.]), colorSpace='rgb', contrast=1.0, depth=-1.0, draggable=False, flipHoriz=False, flipVert=False, font='Arial', fontFiles=[], height=0.05, italic=False, languageStyle='LTR', name='text', opacity=1, ori=0.0, pos=array([0., 0.]), rgb=UNKNOWN, text='', units='height', win=Window(...), wrapWidth=1)
60.7595 	EXP 	Created text_3 = TextStim(__class__=<class 'psychopy.visual.text.TextStim'>, alignHoriz=method-wrapper(...), alignText='center', alignVert=method-wrapper(...), anchorHoriz='center', anchorVert='center', antialias=True, autoDraw=False, autoLog=True, bold=False, color=array([1., 1., 1.]), colorSpace='rgb', contrast=1.0, depth=0.0, draggable=False, flipHoriz=False, flipVert=False, font='Arial', fontFiles=[], height=np.float64(0.05), italic=False, languageStyle='LTR', name='text_3', opacity=1, ori=0.0, pos=array([0., 0.]), rgb=UNKNOWN, text='thanks ', units='height', win=Window(...), wrapWidth=1)
0.0031 	EXP 	text_2: autoDraw = True
1.0348 	EXP 	Imported data/condd.xlsx as conditions, 4 conditions, 4 params
1.0397 	EXP 	New trial (rep=0, index=0): <Trial 0 (0 in rep 0) data={'word': 'RED', 'colour': 'red', 'stim_condition': 'C', 'correct_res': 'r', 'thisN': 0, 'thisTrialN': 0, 'thisRepN': 0}>
1.0533 	EXP 	text_2: autoDraw = False
1.0533 	EXP 	text_2: autoDraw = False
1.0533 	EXP 	text: foreColor = <psychopy.colors.Color: red, alpha=1.0>
1.0533 	EXP 	text: height = np.float64(0.05)
1.0533 	EXP 	text: height = np.float64(0.05)
1.0533 	EXP 	text: height = np.float64(0.05)
1.0533 	EXP 	text: text = 'RED'
1.0533 	EXP 	fixation: autoDraw = True
1.5037 	INFO 	Keyboard events cleared
1.5036 	EXP 	fixation: autoDraw = False
1.5036 	EXP 	text: autoDraw = True
2.4448 	EXP 	Device response: <KeyPress from None: t=2.4296354000107385, value=r, duration=None>
2.4451 	EXP 	New trial (rep=0, index=1): <Trial 1 (1 in rep 0) data={'word': 'BLUE', 'colour': 'red', 'stim_condition': 'I', 'correct_res': 'r', 'thisN': 1, 'thisTrialN': 1, 'thisRepN': 0}>
2.4494 	DATA 	Keypress: r
2.4529 	EXP 	fixation: autoDraw = False
2.4529 	EXP 	text: autoDraw = False
2.4529 	EXP 	text: foreColor = <psychopy.colors.Color: red, alpha=1.0>
2.4529 	EXP 	text: height = np.float64(0.05)
2.4529 	EXP 	text: height = np.float64(0.05)
2.4529 	EXP 	text: height = np.float64(0.05)
2.4529 	EXP 	text: text = 'BLUE'
2.4529 	EXP 	fixation: autoDraw = True
2.5701 	EXP 	Device response: <KeyPress from None: t=2.4296354000107385, value=r, duration=0.12417520000599325>
2.9529 	INFO 	Keyboard events cleared
2.9528 	EXP 	fixation: autoDraw = False
2.9528 	EXP 	text: autoDraw = True
3.8865 	EXP 	Device response: <KeyPress from None: t=3.885452200018335, value=r, duration=None>
3.8868 	EXP 	New trial (rep=0, index=2): <Trial 2 (2 in rep 0) data={'word': 'BLUE', 'colour': 'blue', 'stim_condition': 'C', 'correct_res': 'b', 'thisN': 2, 'thisTrialN': 2, 'thisRepN': 0}>
3.8886 	DATA 	Keypress: r
3.9025 	EXP 	fixation: autoDraw = False
3.9025 	EXP 	text: autoDraw = False
3.9025 	EXP 	text: foreColor = <psychopy.colors.Color: blue, alpha=1.0>
3.9025 	EXP 	text: text = 'BLUE'
3.9025 	EXP 	fixation: autoDraw = True
4.0197 	EXP 	Device response: <KeyPress from None: t=3.885452200018335, value=r, duration=0.1310127999749966>
4.3859 	INFO 	Keyboard events cleared
4.3857 	EXP 	fixation: autoDraw = False
4.3857 	EXP 	text: autoDraw = True
5.1690 	EXP 	Device response: <KeyPress from None: t=5.162903100019321, value=b, duration=None>
5.1694 	EXP 	New trial (rep=0, index=3): <Trial 3 (3 in rep 0) data={'word': 'RED', 'colour': 'blue', 'stim_condition': 'I', 'correct_res': 'b', 'thisN': 3, 'thisTrialN': 3, 'thisRepN': 0}>
5.1747 	DATA 	Keypress: b
5.1852 	EXP 	fixation: autoDraw = False
5.1852 	EXP 	text: autoDraw = False
5.1852 	EXP 	text: foreColor = <psychopy.colors.Color: blue, alpha=1.0>
5.1852 	EXP 	text: height = np.float64(0.05)
5.1852 	EXP 	text: height = np.float64(0.05)
5.1852 	EXP 	text: height = np.float64(0.05)
5.1852 	EXP 	text: text = 'RED'
5.1852 	EXP 	fixation: autoDraw = True
5.3183 	EXP 	Device response: <KeyPress from None: t=5.162903100019321, value=b, duration=0.1415236999746412>
5.6850 	INFO 	Keyboard events cleared
5.6848 	EXP 	fixation: autoDraw = False
5.6848 	EXP 	text: autoDraw = True
6.4015 	EXP 	Device response: <KeyPress from None: t=6.389108799980022, value=b, duration=None>
6.4019 	EXP 	New trial (rep=1, index=0): <Trial 4 (0 in rep 1) data={'word': 'RED', 'colour': 'blue', 'stim_condition': 'I', 'correct_res': 'b', 'thisN': 4, 'thisTrialN': 0, 'thisRepN': 1}>
6.4036 	DATA 	Keypress: b
6.4177 	EXP 	fixation: autoDraw = False
6.4177 	EXP 	text: autoDraw = False
6.4177 	EXP 	text: foreColor = <psychopy.colors.Color: blue, alpha=1.0>
6.4177 	EXP 	text: text = 'RED'
6.4177 	EXP 	fixation: autoDraw = True
6.5180 	EXP 	Device response: <KeyPress from None: t=6.389108799980022, value=b, duration=0.12144540000008419>
6.9009 	INFO 	Keyboard events cleared
6.9007 	EXP 	fixation: autoDraw = False
6.9007 	EXP 	text: autoDraw = True
7.4175 	EXP 	Device response: <KeyPress from None: t=7.4085764000192285, value=b, duration=None>
7.4179 	EXP 	New trial (rep=1, index=1): <Trial 5 (1 in rep 1) data={'word': 'BLUE', 'colour': 'blue', 'stim_condition': 'C', 'correct_res': 'b', 'thisN': 5, 'thisTrialN': 1, 'thisRepN': 1}>
7.4233 	DATA 	Keypress: b
7.4338 	EXP 	fixation: autoDraw = False
7.4338 	EXP 	text: autoDraw = False
7.4338 	EXP 	text: foreColor = <psychopy.colors.Color: blue, alpha=1.0>
7.4338 	EXP 	text: height = np.float64(0.05)
7.4338 	EXP 	text: height = np.float64(0.05)
7.4338 	EXP 	text: height = np.float64(0.05)
7.4338 	EXP 	text: text = 'BLUE'
7.4338 	EXP 	fixation: autoDraw = True
7.5507 	EXP 	Device response: <KeyPress from None: t=7.4085764000192285, value=b, duration=0.12704689998645335>
7.9335 	INFO 	Keyboard events cleared
7.9334 	EXP 	fixation: autoDraw = False
7.9334 	EXP 	text: autoDraw = True
8.4336 	EXP 	Device response: <KeyPress from None: t=8.420886799984146, value=b, duration=None>
8.4340 	EXP 	New trial (rep=1, index=2): <Trial 6 (2 in rep 1) data={'word': 'BLUE', 'colour': 'red', 'stim_condition': 'I', 'correct_res': 'r', 'thisN': 6, 'thisTrialN': 2, 'thisRepN': 1}>
8.4359 	DATA 	Keypress: b
8.4497 	EXP 	fixation: autoDraw = False
8.4497 	EXP 	text: autoDraw = False
8.4497 	EXP 	text: foreColor = <psychopy.colors.Color: red, alpha=1.0>
8.4497 	EXP 	text: text = 'BLUE'
8.4497 	EXP 	fixation: autoDraw = True
8.5667 	EXP 	Device response: <KeyPress from None: t=8.420886799984146, value=b, duration=0.12857880000956357>
8.9494 	INFO 	Keyboard events cleared
8.9492 	EXP 	fixation: autoDraw = False
8.9492 	EXP 	text: autoDraw = True
9.4163 	EXP 	Device response: <KeyPress from None: t=9.40913400001591, value=r, duration=None>
9.4166 	EXP 	New trial (rep=1, index=3): <Trial 7 (3 in rep 1) data={'word': 'RED', 'colour': 'red', 'stim_condition': 'C', 'correct_res': 'r', 'thisN': 7, 'thisTrialN': 3, 'thisRepN': 1}>
9.4213 	DATA 	Keypress: r
9.4323 	EXP 	fixation: autoDraw = False
9.4323 	EXP 	text: autoDraw = False
9.4323 	EXP 	text: foreColor = <psychopy.colors.Color: red, alpha=1.0>
9.4323 	EXP 	text: height = np.float64(0.05)
9.4323 	EXP 	text: height = np.float64(0.05)
9.4323 	EXP 	text: height = np.float64(0.05)
9.4323 	EXP 	text: text = 'RED'
9.4323 	EXP 	fixation: autoDraw = True
9.5160 	EXP 	Device response: <KeyPress from None: t=9.40913400001591, value=r, duration=0.1014683999819681>
9.9323 	INFO 	Keyboard events cleared
9.9321 	EXP 	fixation: autoDraw = False
9.9321 	EXP 	text: autoDraw = True
10.3492 	EXP 	Device response: <KeyPress from None: t=10.338289299979806, value=r, duration=None>
10.3495 	EXP 	New trial (rep=2, index=0): <Trial 8 (0 in rep 2) data={'word': 'RED', 'colour': 'red', 'stim_condition': 'C', 'correct_res': 'r', 'thisN': 8, 'thisTrialN': 0, 'thisRepN': 2}>
10.3515 	DATA 	Keypress: r
10.3650 	EXP 	fixation: autoDraw = False
10.3650 	EXP 	text: autoDraw = False
10.3650 	EXP 	text: foreColor = <psychopy.colors.Color: red, alpha=1.0>
10.3650 	EXP 	text: text = 'RED'
10.3650 	EXP 	fixation: autoDraw = True
10.4823 	EXP 	Device response: <KeyPress from None: t=10.338289299979806, value=r, duration=0.1373162000090815>
10.8649 	INFO 	Keyboard events cleared
10.8647 	EXP 	fixation: autoDraw = False
10.8647 	EXP 	text: autoDraw = True
11.2817 	EXP 	Device response: <KeyPress from None: t=11.268090999976266, value=r, duration=None>
11.2821 	EXP 	New trial (rep=2, index=1): <Trial 9 (1 in rep 2) data={'word': 'BLUE', 'colour': 'red', 'stim_condition': 'I', 'correct_res': 'r', 'thisN': 9, 'thisTrialN': 1, 'thisRepN': 2}>
11.2886 	DATA 	Keypress: r
11.2978 	EXP 	fixation: autoDraw = False
11.2978 	EXP 	text: autoDraw = False
11.2978 	EXP 	text: foreColor = <psychopy.colors.Color: red, alpha=1.0>
11.2978 	EXP 	text: height = np.float64(0.05)
11.2978 	EXP 	text: height = np.float64(0.05)
11.2978 	EXP 	text: height = np.float64(0.05)
11.2978 	EXP 	text: text = 'BLUE'
11.2978 	EXP 	fixation: autoDraw = True
11.3982 	EXP 	Device response: <KeyPress from None: t=11.268090999976266, value=r, duration=0.11931630002800375>
11.7812 	INFO 	Keyboard events cleared
11.7810 	EXP 	fixation: autoDraw = False
11.7810 	EXP 	text: autoDraw = True
12.2828 	DATA 	Keypress: b
12.2977 	EXP 	Device response: <KeyPress from None: t=12.281567199970596, value=b, duration=None>
12.2981 	EXP 	New trial (rep=2, index=2): <Trial 10 (2 in rep 2) data={'word': 'RED', 'colour': 'blue', 'stim_condition': 'I', 'correct_res': 'b', 'thisN': 10, 'thisTrialN': 2, 'thisRepN': 2}>
12.3139 	EXP 	fixation: autoDraw = False
12.3139 	EXP 	text: autoDraw = False
12.3139 	EXP 	text: foreColor = <psychopy.colors.Color: blue, alpha=1.0>
12.3139 	EXP 	text: height = np.float64(0.05)
12.3139 	EXP 	text: height = np.float64(0.05)
12.3139 	EXP 	text: height = np.float64(0.05)
12.3139 	EXP 	text: text = 'RED'
12.3139 	EXP 	fixation: autoDraw = True
12.4143 	EXP 	Device response: <KeyPress from None: t=12.281567199970596, value=b, duration=0.11672590003581718>
12.8138 	INFO 	Keyboard events cleared
12.8136 	EXP 	fixation: autoDraw = False
12.8136 	EXP 	text: autoDraw = True
13.5635 	EXP 	Device response: <KeyPress from None: t=13.549320099991746, value=b, duration=None>
13.5639 	EXP 	New trial (rep=2, index=3): <Trial 11 (3 in rep 2) data={'word': 'BLUE', 'colour': 'blue', 'stim_condition': 'C', 'correct_res': 'b', 'thisN': 11, 'thisTrialN': 3, 'thisRepN': 2}>
13.5691 	DATA 	Keypress: b
13.5797 	EXP 	fixation: autoDraw = False
13.5797 	EXP 	text: autoDraw = False
13.5797 	EXP 	text: foreColor = <psychopy.colors.Color: blue, alpha=1.0>
13.5797 	EXP 	text: height = np.float64(0.05)
13.5797 	EXP 	text: height = np.float64(0.05)
13.5797 	EXP 	text: height = np.float64(0.05)
13.5797 	EXP 	text: text = 'BLUE'
13.5797 	EXP 	fixation: autoDraw = True
13.6967 	EXP 	Device response: <KeyPress from None: t=13.549320099991746, value=b, duration=0.13885370001662523>
14.0630 	INFO 	Keyboard events cleared
14.0629 	EXP 	fixation: autoDraw = False
14.0629 	EXP 	text: autoDraw = True
14.6130 	EXP 	Device response: <KeyPress from None: t=14.603858100017533, value=b, duration=None>
14.6134 	EXP 	New trial (rep=3, index=0): <Trial 12 (0 in rep 3) data={'word': 'BLUE', 'colour': 'blue', 'stim_condition': 'C', 'correct_res': 'b', 'thisN': 12, 'thisTrialN': 0, 'thisRepN': 3}>
14.6153 	DATA 	Keypress: b
14.6292 	EXP 	fixation: autoDraw = False
14.6292 	EXP 	text: autoDraw = False
14.6292 	EXP 	text: foreColor = <psychopy.colors.Color: blue, alpha=1.0>
14.6292 	EXP 	text: text = 'BLUE'
14.6292 	EXP 	fixation: autoDraw = True
14.7296 	EXP 	Device response: <KeyPress from None: t=14.603858100017533, value=b, duration=0.12173939996864647>
15.1289 	INFO 	Keyboard events cleared
15.1287 	EXP 	fixation: autoDraw = False
15.1287 	EXP 	text: autoDraw = True
15.6289 	EXP 	Device response: <KeyPress from None: t=15.6242545999703, value=b, duration=None>
15.6293 	EXP 	New trial (rep=3, index=1): <Trial 13 (1 in rep 3) data={'word': 'BLUE', 'colour': 'red', 'stim_condition': 'I', 'correct_res': 'r', 'thisN': 13, 'thisTrialN': 1, 'thisRepN': 3}>
15.6312 	DATA 	Keypress: b
15.6451 	EXP 	fixation: autoDraw = False
15.6451 	EXP 	text: autoDraw = False
15.6451 	EXP 	text: foreColor = <psychopy.colors.Color: red, alpha=1.0>
15.6451 	EXP 	text: text = 'BLUE'
15.6451 	EXP 	fixation: autoDraw = True
15.7623 	EXP 	Device response: <KeyPress from None: t=15.6242545999703, value=b, duration=0.13265310000861064>
16.1283 	INFO 	Keyboard events cleared
16.1281 	EXP 	fixation: autoDraw = False
16.1281 	EXP 	text: autoDraw = True
16.7617 	EXP 	Device response: <KeyPress from None: t=16.746922899968922, value=r, duration=None>
16.7621 	EXP 	New trial (rep=3, index=2): <Trial 14 (2 in rep 3) data={'word': 'RED', 'colour': 'red', 'stim_condition': 'C', 'correct_res': 'r', 'thisN': 14, 'thisTrialN': 2, 'thisRepN': 3}>
16.7703 	DATA 	Keypress: r
16.7777 	EXP 	fixation: autoDraw = False
16.7777 	EXP 	text: autoDraw = False
16.7777 	EXP 	text: foreColor = <psychopy.colors.Color: red, alpha=1.0>
16.7777 	EXP 	text: height = np.float64(0.05)
16.7777 	EXP 	text: height = np.float64(0.05)
16.7777 	EXP 	text: height = np.float64(0.05)
16.7777 	EXP 	text: text = 'RED'
16.7777 	EXP 	fixation: autoDraw = True
16.8948 	EXP 	Device response: <KeyPress from None: t=16.746922899968922, value=r, duration=0.14048680005362257>
17.2776 	INFO 	Keyboard events cleared
17.2775 	EXP 	fixation: autoDraw = False
17.2775 	EXP 	text: autoDraw = True
18.4271 	EXP 	Device response: <KeyPress from None: t=18.4243271999876, value=r, duration=None>
18.4275 	EXP 	New trial (rep=3, index=3): <Trial 15 (3 in rep 3) data={'word': 'RED', 'colour': 'blue', 'stim_condition': 'I', 'correct_res': 'b', 'thisN': 15, 'thisTrialN': 3, 'thisRepN': 3}>
18.4294 	DATA 	Keypress: r
18.4434 	EXP 	fixation: autoDraw = False
18.4434 	EXP 	text: autoDraw = False
18.4434 	EXP 	text: foreColor = <psychopy.colors.Color: blue, alpha=1.0>
18.4434 	EXP 	text: text = 'RED'
18.4434 	EXP 	fixation: autoDraw = True
18.5605 	EXP 	Device response: <KeyPress from None: t=18.4243271999876, value=r, duration=0.12570690002758056>
18.9266 	INFO 	Keyboard events cleared
18.9265 	EXP 	fixation: autoDraw = False
18.9265 	EXP 	text: autoDraw = True
19.8597 	EXP 	Device response: <KeyPress from None: t=19.848967599973548, value=b, duration=None>
19.8600 	EXP 	New trial (rep=4, index=0): <Trial 16 (0 in rep 4) data={'word': 'RED', 'colour': 'blue', 'stim_condition': 'I', 'correct_res': 'b', 'thisN': 16, 'thisTrialN': 0, 'thisRepN': 4}>
19.8619 	DATA 	Keypress: b
19.8758 	EXP 	fixation: autoDraw = False
19.8758 	EXP 	text: autoDraw = False
19.8758 	EXP 	text: foreColor = <psychopy.colors.Color: blue, alpha=1.0>
19.8758 	EXP 	text: text = 'RED'
19.8758 	EXP 	fixation: autoDraw = True
19.9927 	EXP 	Device response: <KeyPress from None: t=19.848967599973548, value=b, duration=0.14183239999692887>
20.3756 	INFO 	Keyboard events cleared
20.3754 	EXP 	fixation: autoDraw = False
20.3754 	EXP 	text: autoDraw = True
21.0420 	EXP 	Device response: <KeyPress from None: t=21.027109700022265, value=b, duration=None>
21.0423 	EXP 	New trial (rep=4, index=1): <Trial 17 (1 in rep 4) data={'word': 'BLUE', 'colour': 'red', 'stim_condition': 'I', 'correct_res': 'r', 'thisN': 17, 'thisTrialN': 1, 'thisRepN': 4}>
21.0472 	DATA 	Keypress: b
21.0584 	EXP 	fixation: autoDraw = False
21.0584 	EXP 	text: autoDraw = False
21.0584 	EXP 	text: foreColor = <psychopy.colors.Color: red, alpha=1.0>
21.0584 	EXP 	text: height = np.float64(0.05)
21.0584 	EXP 	text: height = np.float64(0.05)
21.0584 	EXP 	text: height = np.float64(0.05)
21.0584 	EXP 	text: text = 'BLUE'
21.0584 	EXP 	fixation: autoDraw = True
21.1587 	EXP 	Device response: <KeyPress from None: t=21.027109700022265, value=b, duration=0.12902979995124042>
21.5415 	INFO 	Keyboard events cleared
21.5414 	EXP 	fixation: autoDraw = False
21.5414 	EXP 	text: autoDraw = True
22.2416 	EXP 	Device response: <KeyPress from None: t=22.240977099980228, value=r, duration=None>
22.2420 	EXP 	New trial (rep=4, index=2): <Trial 18 (2 in rep 4) data={'word': 'RED', 'colour': 'red', 'stim_condition': 'C', 'correct_res': 'r', 'thisN': 18, 'thisTrialN': 2, 'thisRepN': 4}>
22.2498 	DATA 	Keypress: r
22.2576 	EXP 	fixation: autoDraw = False
22.2576 	EXP 	text: autoDraw = False
22.2576 	EXP 	text: foreColor = <psychopy.colors.Color: red, alpha=1.0>
22.2576 	EXP 	text: height = np.float64(0.05)
22.2576 	EXP 	text: height = np.float64(0.05)
22.2576 	EXP 	text: height = np.float64(0.05)
22.2576 	EXP 	text: text = 'RED'
22.2576 	EXP 	fixation: autoDraw = True
22.3580 	EXP 	Device response: <KeyPress from None: t=22.240977099980228, value=r, duration=0.11275530001148582>
22.7575 	INFO 	Keyboard events cleared
22.7574 	EXP 	fixation: autoDraw = False
22.7574 	EXP 	text: autoDraw = True
23.1924 	DATA 	Keypress: r
23.2075 	EXP 	Device response: <KeyPress from None: t=23.19189399998868, value=r, duration=None>
23.2080 	EXP 	New trial (rep=4, index=3): <Trial 19 (3 in rep 4) data={'word': 'BLUE', 'colour': 'blue', 'stim_condition': 'C', 'correct_res': 'b', 'thisN': 19, 'thisTrialN': 3, 'thisRepN': 4}>
23.2236 	EXP 	fixation: autoDraw = False
23.2236 	EXP 	text: autoDraw = False
23.2236 	EXP 	text: foreColor = <psychopy.colors.Color: blue, alpha=1.0>
23.2236 	EXP 	text: height = np.float64(0.05)
23.2236 	EXP 	text: height = np.float64(0.05)
23.2236 	EXP 	text: height = np.float64(0.05)
23.2236 	EXP 	text: text = 'BLUE'
23.2236 	EXP 	fixation: autoDraw = True
23.3241 	EXP 	Device response: <KeyPress from None: t=23.19189399998868, value=r, duration=0.11735620000399649>
23.7236 	INFO 	Keyboard events cleared
23.7234 	EXP 	fixation: autoDraw = False
23.7234 	EXP 	text: autoDraw = True
24.7731 	EXP 	Device response: <KeyPress from None: t=24.762635799997952, value=b, duration=None>
24.7736 	EXP 	New trial (rep=5, index=0): <Trial 20 (0 in rep 5) data={'word': 'RED', 'colour': 'red', 'stim_condition': 'C', 'correct_res': 'r', 'thisN': 20, 'thisTrialN': 0, 'thisRepN': 5}>
24.7791 	DATA 	Keypress: b
24.7894 	EXP 	fixation: autoDraw = False
24.7894 	EXP 	text: autoDraw = False
24.7894 	EXP 	text: foreColor = <psychopy.colors.Color: red, alpha=1.0>
24.7894 	EXP 	text: height = np.float64(0.05)
24.7894 	EXP 	text: height = np.float64(0.05)
24.7894 	EXP 	text: height = np.float64(0.05)
24.7894 	EXP 	text: text = 'RED'
24.7894 	EXP 	fixation: autoDraw = True
24.9064 	EXP 	Device response: <KeyPress from None: t=24.762635799997952, value=b, duration=0.13586169999325648>
25.2725 	INFO 	Keyboard events cleared
25.2723 	EXP 	fixation: autoDraw = False
25.2723 	EXP 	text: autoDraw = True
25.9391 	EXP 	Device response: <KeyPress from None: t=25.92914889997337, value=r, duration=None>
25.9395 	EXP 	New trial (rep=5, index=1): <Trial 21 (1 in rep 5) data={'word': 'BLUE', 'colour': 'blue', 'stim_condition': 'C', 'correct_res': 'b', 'thisN': 21, 'thisTrialN': 1, 'thisRepN': 5}>
25.9461 	DATA 	Keypress: r
25.9553 	EXP 	fixation: autoDraw = False
25.9553 	EXP 	text: autoDraw = False
25.9553 	EXP 	text: foreColor = <psychopy.colors.Color: blue, alpha=1.0>
25.9553 	EXP 	text: height = np.float64(0.05)
25.9553 	EXP 	text: height = np.float64(0.05)
25.9553 	EXP 	text: height = np.float64(0.05)
25.9553 	EXP 	text: text = 'BLUE'
25.9553 	EXP 	fixation: autoDraw = True
26.0557 	EXP 	Device response: <KeyPress from None: t=25.92914889997337, value=r, duration=0.1177703000139445>
26.4550 	INFO 	Keyboard events cleared
26.4549 	EXP 	fixation: autoDraw = False
26.4549 	EXP 	text: autoDraw = True
27.1882 	EXP 	Device response: <KeyPress from None: t=27.181052699976135, value=b, duration=None>
27.1886 	EXP 	New trial (rep=5, index=2): <Trial 22 (2 in rep 5) data={'word': 'RED', 'colour': 'blue', 'stim_condition': 'I', 'correct_res': 'b', 'thisN': 22, 'thisTrialN': 2, 'thisRepN': 5}>
27.1964 	DATA 	Keypress: b
27.2045 	EXP 	fixation: autoDraw = False
27.2045 	EXP 	text: autoDraw = False
27.2045 	EXP 	text: foreColor = <psychopy.colors.Color: blue, alpha=1.0>
27.2045 	EXP 	text: height = np.float64(0.05)
27.2045 	EXP 	text: height = np.float64(0.05)
27.2045 	EXP 	text: height = np.float64(0.05)
27.2045 	EXP 	text: text = 'RED'
27.2045 	EXP 	fixation: autoDraw = True
27.3049 	EXP 	Device response: <KeyPress from None: t=27.181052699976135, value=b, duration=0.1229962999932468>
27.6875 	INFO 	Keyboard events cleared
27.6874 	EXP 	fixation: autoDraw = False
27.6874 	EXP 	text: autoDraw = True
28.9372 	EXP 	Device response: <KeyPress from None: t=28.928959499986377, value=b, duration=None>
28.9376 	EXP 	New trial (rep=5, index=3): <Trial 23 (3 in rep 5) data={'word': 'BLUE', 'colour': 'red', 'stim_condition': 'I', 'correct_res': 'r', 'thisN': 23, 'thisTrialN': 3, 'thisRepN': 5}>
28.9431 	DATA 	Keypress: b
28.9533 	EXP 	fixation: autoDraw = False
28.9533 	EXP 	text: autoDraw = False
28.9533 	EXP 	text: foreColor = <psychopy.colors.Color: red, alpha=1.0>
28.9533 	EXP 	text: height = np.float64(0.05)
28.9533 	EXP 	text: height = np.float64(0.05)
28.9533 	EXP 	text: height = np.float64(0.05)
28.9533 	EXP 	text: text = 'BLUE'
28.9533 	EXP 	fixation: autoDraw = True
29.0706 	EXP 	Device response: <KeyPress from None: t=28.928959499986377, value=b, duration=0.12898760003736243>
29.4533 	INFO 	Keyboard events cleared
29.4531 	EXP 	fixation: autoDraw = False
29.4531 	EXP 	text: autoDraw = True
30.1030 	EXP 	Device response: <KeyPress from None: t=30.098251299990807, value=r, duration=None>
30.1035 	EXP 	New trial (rep=6, index=0): <Trial 24 (0 in rep 6) data={'word': 'BLUE', 'colour': 'blue', 'stim_condition': 'C', 'correct_res': 'b', 'thisN': 24, 'thisTrialN': 0, 'thisRepN': 6}>
30.1054 	DATA 	Keypress: r
30.1193 	EXP 	fixation: autoDraw = False
30.1193 	EXP 	text: autoDraw = False
30.1193 	EXP 	text: foreColor = <psychopy.colors.Color: blue, alpha=1.0>
30.1193 	EXP 	text: text = 'BLUE'
30.1193 	EXP 	fixation: autoDraw = True
30.2362 	EXP 	Device response: <KeyPress from None: t=30.098251299990807, value=r, duration=0.12925599998561665>
30.6192 	INFO 	Keyboard events cleared
30.6190 	EXP 	fixation: autoDraw = False
30.6190 	EXP 	text: autoDraw = True
31.0692 	EXP 	Device response: <KeyPress from None: t=31.055076999997254, value=b, duration=None>
31.0697 	EXP 	New trial (rep=6, index=1): <Trial 25 (1 in rep 6) data={'word': 'RED', 'colour': 'blue', 'stim_condition': 'I', 'correct_res': 'b', 'thisN': 25, 'thisTrialN': 1, 'thisRepN': 6}>
31.0751 	DATA 	Keypress: b
31.0853 	EXP 	fixation: autoDraw = False
31.0853 	EXP 	text: autoDraw = False
31.0853 	EXP 	text: foreColor = <psychopy.colors.Color: blue, alpha=1.0>
31.0853 	EXP 	text: height = np.float64(0.05)
31.0853 	EXP 	text: height = np.float64(0.05)
31.0853 	EXP 	text: height = np.float64(0.05)
31.0853 	EXP 	text: text = 'RED'
31.0853 	EXP 	fixation: autoDraw = True
31.1858 	EXP 	Device response: <KeyPress from None: t=31.055076999997254, value=b, duration=0.12679549999302253>
31.5852 	INFO 	Keyboard events cleared
31.5850 	EXP 	fixation: autoDraw = False
31.5850 	EXP 	text: autoDraw = True
32.3182 	EXP 	Device response: <KeyPress from None: t=32.31371840002248, value=b, duration=None>
32.3187 	EXP 	New trial (rep=6, index=2): <Trial 26 (2 in rep 6) data={'word': 'BLUE', 'colour': 'red', 'stim_condition': 'I', 'correct_res': 'r', 'thisN': 26, 'thisTrialN': 2, 'thisRepN': 6}>
32.3265 	DATA 	Keypress: b
32.3345 	EXP 	fixation: autoDraw = False
32.3345 	EXP 	text: autoDraw = False
32.3345 	EXP 	text: foreColor = <psychopy.colors.Color: red, alpha=1.0>
32.3345 	EXP 	text: height = np.float64(0.05)
32.3345 	EXP 	text: height = np.float64(0.05)
32.3345 	EXP 	text: height = np.float64(0.05)
32.3345 	EXP 	text: text = 'BLUE'
32.3345 	EXP 	fixation: autoDraw = True
32.4349 	EXP 	Device response: <KeyPress from None: t=32.31371840002248, value=b, duration=0.11229459999594837>
32.8178 	INFO 	Keyboard events cleared
32.8176 	EXP 	fixation: autoDraw = False
32.8176 	EXP 	text: autoDraw = True
33.5027 	DATA 	Keypress: r
33.5177 	EXP 	Device response: <KeyPress from None: t=33.501967999967746, value=r, duration=None>
33.5181 	EXP 	New trial (rep=6, index=3): <Trial 27 (3 in rep 6) data={'word': 'RED', 'colour': 'red', 'stim_condition': 'C', 'correct_res': 'r', 'thisN': 27, 'thisTrialN': 3, 'thisRepN': 6}>
33.5337 	EXP 	fixation: autoDraw = False
33.5337 	EXP 	text: autoDraw = False
33.5337 	EXP 	text: foreColor = <psychopy.colors.Color: red, alpha=1.0>
33.5337 	EXP 	text: height = np.float64(0.05)
33.5337 	EXP 	text: height = np.float64(0.05)
33.5337 	EXP 	text: height = np.float64(0.05)
33.5337 	EXP 	text: text = 'RED'
33.5337 	EXP 	fixation: autoDraw = True
33.6509 	EXP 	Device response: <KeyPress from None: t=33.501967999967746, value=r, duration=0.14261160005116835>
34.0335 	INFO 	Keyboard events cleared
34.0334 	EXP 	fixation: autoDraw = False
34.0334 	EXP 	text: autoDraw = True
34.5003 	EXP 	Device response: <KeyPress from None: t=34.49502420000499, value=r, duration=None>
34.5007 	EXP 	New trial (rep=7, index=0): <Trial 28 (0 in rep 7) data={'word': 'RED', 'colour': 'red', 'stim_condition': 'C', 'correct_res': 'r', 'thisN': 28, 'thisTrialN': 0, 'thisRepN': 7}>
34.5026 	DATA 	Keypress: r
34.5166 	EXP 	fixation: autoDraw = False
34.5166 	EXP 	text: autoDraw = False
34.5166 	EXP 	text: foreColor = <psychopy.colors.Color: red, alpha=1.0>
34.5166 	EXP 	text: text = 'RED'
34.5166 	EXP 	fixation: autoDraw = True
34.6502 	EXP 	Device response: <KeyPress from None: t=34.49502420000499, value=r, duration=0.14881969999987632>
35.0164 	INFO 	Keyboard events cleared
35.0162 	EXP 	fixation: autoDraw = False
35.0162 	EXP 	text: autoDraw = True
35.5846 	DATA 	Keypress: r
35.5996 	EXP 	Device response: <KeyPress from None: t=35.58334090001881, value=r, duration=None>
35.6000 	EXP 	New trial (rep=7, index=1): <Trial 29 (1 in rep 7) data={'word': 'BLUE', 'colour': 'red', 'stim_condition': 'I', 'correct_res': 'r', 'thisN': 29, 'thisTrialN': 1, 'thisRepN': 7}>
35.6158 	EXP 	fixation: autoDraw = False
35.6158 	EXP 	text: autoDraw = False
35.6158 	EXP 	text: foreColor = <psychopy.colors.Color: red, alpha=1.0>
35.6158 	EXP 	text: height = np.float64(0.05)
35.6158 	EXP 	text: height = np.float64(0.05)
35.6158 	EXP 	text: height = np.float64(0.05)
35.6158 	EXP 	text: text = 'BLUE'
35.6158 	EXP 	fixation: autoDraw = True
35.7160 	EXP 	Device response: <KeyPress from None: t=35.58334090001881, value=r, duration=0.13089129998115823>
36.1156 	INFO 	Keyboard events cleared
36.1154 	EXP 	fixation: autoDraw = False
36.1154 	EXP 	text: autoDraw = True
37.1487 	EXP 	Device response: <KeyPress from None: t=37.14500089996727, value=r, duration=None>
37.1491 	EXP 	New trial (rep=7, index=2): <Trial 30 (2 in rep 7) data={'word': 'BLUE', 'colour': 'blue', 'stim_condition': 'C', 'correct_res': 'b', 'thisN': 30, 'thisTrialN': 2, 'thisRepN': 7}>
37.1510 	DATA 	Keypress: r
37.1649 	EXP 	fixation: autoDraw = False
37.1649 	EXP 	text: autoDraw = False
37.1649 	EXP 	text: foreColor = <psychopy.colors.Color: blue, alpha=1.0>
37.1649 	EXP 	text: text = 'BLUE'
37.1649 	EXP 	fixation: autoDraw = True
37.2984 	EXP 	Device response: <KeyPress from None: t=37.14500089996727, value=r, duration=0.15199820004636422>
37.6648 	INFO 	Keyboard events cleared
37.6646 	EXP 	fixation: autoDraw = False
37.6646 	EXP 	text: autoDraw = True
38.1645 	EXP 	Device response: <KeyPress from None: t=38.15573940001195, value=b, duration=None>
38.1649 	EXP 	New trial (rep=7, index=3): <Trial 31 (3 in rep 7) data={'word': 'RED', 'colour': 'blue', 'stim_condition': 'I', 'correct_res': 'b', 'thisN': 31, 'thisTrialN': 3, 'thisRepN': 7}>
38.1703 	DATA 	Keypress: b
38.1808 	EXP 	fixation: autoDraw = False
38.1808 	EXP 	text: autoDraw = False
38.1808 	EXP 	text: foreColor = <psychopy.colors.Color: blue, alpha=1.0>
38.1808 	EXP 	text: height = np.float64(0.05)
38.1808 	EXP 	text: height = np.float64(0.05)
38.1808 	EXP 	text: height = np.float64(0.05)
38.1808 	EXP 	text: text = 'RED'
38.1808 	EXP 	fixation: autoDraw = True
38.3147 	EXP 	Device response: <KeyPress from None: t=38.15573940001195, value=b, duration=0.15167920000385493>
38.6641 	INFO 	Keyboard events cleared
38.6639 	EXP 	fixation: autoDraw = False
38.6639 	EXP 	text: autoDraw = True
39.0308 	EXP 	Device response: <KeyPress from None: t=39.01591539999936, value=b, duration=None>
39.0312 	EXP 	New trial (rep=8, index=0): <Trial 32 (0 in rep 8) data={'word': 'RED', 'colour': 'red', 'stim_condition': 'C', 'correct_res': 'r', 'thisN': 32, 'thisTrialN': 0, 'thisRepN': 8}>
39.0332 	DATA 	Keypress: b
39.0471 	EXP 	fixation: autoDraw = False
39.0471 	EXP 	text: autoDraw = False
39.0471 	EXP 	text: foreColor = <psychopy.colors.Color: red, alpha=1.0>
39.0471 	EXP 	text: text = 'RED'
39.0471 	EXP 	fixation: autoDraw = True
39.1641 	EXP 	Device response: <KeyPress from None: t=39.01591539999936, value=b, duration=0.13253629999235272>
39.5468 	INFO 	Keyboard events cleared
39.5467 	EXP 	fixation: autoDraw = False
39.5467 	EXP 	text: autoDraw = True
39.9968 	EXP 	Device response: <KeyPress from None: t=39.98392580001382, value=r, duration=None>
39.9971 	EXP 	New trial (rep=8, index=1): <Trial 33 (1 in rep 8) data={'word': 'RED', 'colour': 'blue', 'stim_condition': 'I', 'correct_res': 'b', 'thisN': 33, 'thisTrialN': 1, 'thisRepN': 8}>
39.9989 	DATA 	Keypress: r
40.0131 	EXP 	fixation: autoDraw = False
40.0131 	EXP 	text: autoDraw = False
40.0131 	EXP 	text: foreColor = <psychopy.colors.Color: blue, alpha=1.0>
40.0131 	EXP 	text: text = 'RED'
40.0131 	EXP 	fixation: autoDraw = True
40.1135 	EXP 	Device response: <KeyPress from None: t=39.98392580001382, value=r, duration=0.11826709995511919>
40.5129 	INFO 	Keyboard events cleared
40.5127 	EXP 	fixation: autoDraw = False
40.5127 	EXP 	text: autoDraw = True
40.9961 	EXP 	Device response: <KeyPress from None: t=40.994181199988816, value=b, duration=None>
40.9965 	EXP 	New trial (rep=8, index=2): <Trial 34 (2 in rep 8) data={'word': 'BLUE', 'colour': 'red', 'stim_condition': 'I', 'correct_res': 'r', 'thisN': 34, 'thisTrialN': 2, 'thisRepN': 8}>
41.0016 	DATA 	Keypress: b
41.0124 	EXP 	fixation: autoDraw = False
41.0124 	EXP 	text: autoDraw = False
41.0124 	EXP 	text: foreColor = <psychopy.colors.Color: red, alpha=1.0>
41.0124 	EXP 	text: height = np.float64(0.05)
41.0124 	EXP 	text: height = np.float64(0.05)
41.0124 	EXP 	text: height = np.float64(0.05)
41.0124 	EXP 	text: text = 'BLUE'
41.0124 	EXP 	fixation: autoDraw = True
41.1295 	EXP 	Device response: <KeyPress from None: t=40.994181199988816, value=b, duration=0.11827189999166876>
41.4956 	INFO 	Keyboard events cleared
41.4954 	EXP 	fixation: autoDraw = False
41.4954 	EXP 	text: autoDraw = True
42.3786 	EXP 	Device response: <KeyPress from None: t=42.366412699979264, value=r, duration=None>
42.3790 	EXP 	New trial (rep=8, index=3): <Trial 35 (3 in rep 8) data={'word': 'BLUE', 'colour': 'blue', 'stim_condition': 'C', 'correct_res': 'b', 'thisN': 35, 'thisTrialN': 3, 'thisRepN': 8}>
42.3809 	DATA 	Keypress: r
42.3949 	EXP 	fixation: autoDraw = False
42.3949 	EXP 	text: autoDraw = False
42.3949 	EXP 	text: foreColor = <psychopy.colors.Color: blue, alpha=1.0>
42.3949 	EXP 	text: text = 'BLUE'
42.3949 	EXP 	fixation: autoDraw = True
42.4952 	EXP 	Device response: <KeyPress from None: t=42.366412699979264, value=r, duration=0.11246590001974255>
42.8780 	INFO 	Keyboard events cleared
42.8779 	EXP 	fixation: autoDraw = False
42.8779 	EXP 	text: autoDraw = True
43.3280 	EXP 	Device response: <KeyPress from None: t=43.32342019997304, value=b, duration=None>
43.3285 	EXP 	New trial (rep=9, index=0): <Trial 36 (0 in rep 9) data={'word': 'RED', 'colour': 'red', 'stim_condition': 'C', 'correct_res': 'r', 'thisN': 36, 'thisTrialN': 0, 'thisRepN': 9}>
43.3339 	DATA 	Keypress: b
43.3443 	EXP 	fixation: autoDraw = False
43.3443 	EXP 	text: autoDraw = False
43.3443 	EXP 	text: foreColor = <psychopy.colors.Color: red, alpha=1.0>
43.3443 	EXP 	text: height = np.float64(0.05)
43.3443 	EXP 	text: height = np.float64(0.05)
43.3443 	EXP 	text: height = np.float64(0.05)
43.3443 	EXP 	text: text = 'RED'
43.3443 	EXP 	fixation: autoDraw = True
43.4777 	EXP 	Device response: <KeyPress from None: t=43.32342019997304, value=b, duration=0.152845700038597>
43.8441 	INFO 	Keyboard events cleared
43.8439 	EXP 	fixation: autoDraw = False
43.8439 	EXP 	text: autoDraw = True
44.2126 	DATA 	Keypress: r
44.2275 	EXP 	Device response: <KeyPress from None: t=44.211979100015014, value=r, duration=None>
44.2278 	EXP 	New trial (rep=9, index=1): <Trial 37 (1 in rep 9) data={'word': 'BLUE', 'colour': 'red', 'stim_condition': 'I', 'correct_res': 'r', 'thisN': 37, 'thisTrialN': 1, 'thisRepN': 9}>
44.2437 	EXP 	fixation: autoDraw = False
44.2437 	EXP 	text: autoDraw = False
44.2437 	EXP 	text: foreColor = <psychopy.colors.Color: red, alpha=1.0>
44.2437 	EXP 	text: height = np.float64(0.05)
44.2437 	EXP 	text: height = np.float64(0.05)
44.2437 	EXP 	text: height = np.float64(0.05)
44.2437 	EXP 	text: text = 'BLUE'
44.2437 	EXP 	fixation: autoDraw = True
44.3272 	EXP 	Device response: <KeyPress from None: t=44.211979100015014, value=r, duration=0.11306139995576814>
44.7267 	INFO 	Keyboard events cleared
44.7265 	EXP 	fixation: autoDraw = False
44.7265 	EXP 	text: autoDraw = True
45.3935 	EXP 	Device response: <KeyPress from None: t=45.39045720000286, value=r, duration=None>
45.3939 	EXP 	New trial (rep=9, index=2): <Trial 38 (2 in rep 9) data={'word': 'RED', 'colour': 'blue', 'stim_condition': 'I', 'correct_res': 'b', 'thisN': 38, 'thisTrialN': 2, 'thisRepN': 9}>
45.3993 	DATA 	Keypress: r
45.4097 	EXP 	fixation: autoDraw = False
45.4097 	EXP 	text: autoDraw = False
45.4097 	EXP 	text: foreColor = <psychopy.colors.Color: blue, alpha=1.0>
45.4097 	EXP 	text: height = np.float64(0.05)
45.4097 	EXP 	text: height = np.float64(0.05)
45.4097 	EXP 	text: height = np.float64(0.05)
45.4097 	EXP 	text: text = 'RED'
45.4097 	EXP 	fixation: autoDraw = True
45.5101 	EXP 	Device response: <KeyPress from None: t=45.39045720000286, value=r, duration=0.11361369997030124>
45.9095 	INFO 	Keyboard events cleared
45.9093 	EXP 	fixation: autoDraw = False
45.9093 	EXP 	text: autoDraw = True
46.4927 	EXP 	Device response: <KeyPress from None: t=46.48231430002488, value=b, duration=None>
46.4932 	EXP 	New trial (rep=9, index=3): <Trial 39 (3 in rep 9) data={'word': 'BLUE', 'colour': 'blue', 'stim_condition': 'C', 'correct_res': 'b', 'thisN': 39, 'thisTrialN': 3, 'thisRepN': 9}>
46.4986 	DATA 	Keypress: b
46.5089 	EXP 	fixation: autoDraw = False
46.5089 	EXP 	text: autoDraw = False
46.5089 	EXP 	text: foreColor = <psychopy.colors.Color: blue, alpha=1.0>
46.5089 	EXP 	text: height = np.float64(0.05)
46.5089 	EXP 	text: height = np.float64(0.05)
46.5089 	EXP 	text: height = np.float64(0.05)
46.5089 	EXP 	text: text = 'BLUE'
46.5089 	EXP 	fixation: autoDraw = True
46.6258 	EXP 	Device response: <KeyPress from None: t=46.48231430002488, value=b, duration=0.14064289996167645>
47.0088 	INFO 	Keyboard events cleared
47.0087 	EXP 	fixation: autoDraw = False
47.0087 	EXP 	text: autoDraw = True
47.6752 	EXP 	Device response: <KeyPress from None: t=47.66647070000181, value=b, duration=None>
47.6788 	DATA 	Keypress: b
47.6915 	EXP 	fixation: autoDraw = False
47.6915 	EXP 	text: autoDraw = False
47.6915 	EXP 	text_3: autoDraw = True
47.7918 	EXP 	Device response: <KeyPress from None: t=47.66647070000181, value=b, duration=0.12383220001356676>
48.6908 	EXP 	text_3: autoDraw = False
48.6908 	EXP 	text_3: autoDraw = False
48.6910 	EXP 	Stroop experiment final: status = STOPPED
48.7119 	INFO 	saved data to 'C:\\Users\\ADMIN\\OneDrive\\Desktop\\PsychoPy\\data\\subject 2_Stroop experiment final_2025-08-25_18h04.56.231.csv'
48.7137 	INFO 	saved data to C:\Users\ADMIN\OneDrive\Desktop\PsychoPy\data\subject 2_Stroop experiment final_2025-08-25_18h04.56.231.psydat
49.1667 	WARNING 	Stopping key buffers but this could be dangerous ifother keyboards rely on the same.
