17.9066 	INFO 	Loaded monitor calibration from ['2025_08_11 21:31']
17.9235 	WARNING 	User requested fullscreen with size [1024  768], but screen is actually [1920, 1080]. Using actual size
18.1740 	INFO 	Using renderer 'Intel(R) UHD Graphics' for graphics
18.1740 	INFO 	OpenGL version supported by driver is 4..
18.5368 	EXP 	Created window1 = Window(allowGUI=False, allowStencil=False, autoLog=True, backendConf=UNKNOWN, backgroundFit=<method-wrapper '__getattribute__' of attributeSetter object at 0x0000021D70702320>, backgroundImage=<method-wrapper '__getattribute__' of attributeSetter object at 0x0000021D707038B0>, bitsMode=UNKNOWN, blendMode='avg', bpc=(8, 8, 8), color=array([0, 0, 0]), colorSpace='rgb', depthBits=8, fullscr=True, gamma=None, gammaErrorPolicy='raise', infoMsg=UNKNOWN, lms=UNKNOWN, monitor=<psychopy.monitors.calibTools.Monitor object at 0x0000021D70E45480>, multiSample=False, name='window1', numSamples=2, pos=[np.float64(0.0), np.float64(0.0)], screen=0, size=array([1920, 1080]), stencilBits=0, stereo=False, title='PsychoPy', units='height', useFBO=True, useRetina=False, viewOri=0.0, viewPos=None, viewScale=None, waitBlanking=True, winType='pyglet')
18.5369 	EXP 	window1: backgroundImage = ''
18.5369 	EXP 	window1: backgroundFit = 'none'
18.9001 	EXP 	window1: Attempting to measure frame rate of screen (0) ...
18.9001 	EXP 	window1: recordFrameIntervals = False
19.0409 	EXP 	window1: recordFrameIntervals = True
19.2250 	EXP 	Screen (0) actual frame rate measured at 59.89Hz
19.2250 	EXP 	window1: recordFrameIntervals = False
19.2765 	INFO 	keyboard.Keyboard is using ptb backend.
19.2766 	EXP 	Stroop experiment final: status = STARTED
19.3759 	EXP 	Created text_2 = TextStim(__class__=<class 'psychopy.visual.text.TextStim'>, alignHoriz=method-wrapper(...), alignText='center', alignVert=method-wrapper(...), anchorHoriz='center', anchorVert='center', antialias=True, autoDraw=False, autoLog=True, bold=False, color=array([1., 1., 1.]), colorSpace='rgb', contrast=1.0, depth=0.0, draggable=False, flipHoriz=False, flipVert=False, font='Arial', fontFiles=[], height=np.float64(0.05), italic=False, languageStyle='LTR', name='text_2', opacity=1, ori=0.0, pos=array([0., 0.]), rgb=UNKNOWN, text='welcome', units='height', win=Window(...), wrapWidth=1)
19.3814 	EXP 	Created fixation = ShapeStim(__class__=<class 'psychopy.visual.shape.ShapeStim'>, anchor=('center', 'center'), autoDraw=False, autoLog=True, closeShape=True, color=method-wrapper(...), colorSpace='rgb', contrast=None, depth=0.0, draggable=False, fillColor=array([1, 1, 1]), fillColorSpace='rgb', fillRGB=array([1, 1, 1]), interpolate=True, lineColor=array([1., 1., 1.]), lineColorSpace='rgb', lineRGB=array([1, 1, 1]), lineWidth=1.0, name='fixation', opacity=1, ori=0.0, pos=array([0., 0.]), size=array([10., 10.]), units='pix', vertices=ndarray(...), win=Window(...), windingRule=None)
19.3821 	EXP 	Created text = TextStim(__class__=<class 'psychopy.visual.text.TextStim'>, alignHoriz=method-wrapper(...), alignText='center', alignVert=method-wrapper(...), anchorHoriz='center', anchorVert='center', antialias=True, autoDraw=False, autoLog=True, bold=False, color=array([1., 1., 1.]), colorSpace='rgb', contrast=1.0, depth=-1.0, draggable=False, flipHoriz=False, flipVert=False, font='Arial', fontFiles=[], height=0.05, italic=False, languageStyle='LTR', name='text', opacity=1, ori=0.0, pos=array([0., 0.]), rgb=UNKNOWN, text='', units='height', win=Window(...), wrapWidth=1)
19.3882 	EXP 	Created text_3 = TextStim(__class__=<class 'psychopy.visual.text.TextStim'>, alignHoriz=method-wrapper(...), alignText='center', alignVert=method-wrapper(...), anchorHoriz='center', anchorVert='center', antialias=True, autoDraw=False, autoLog=True, bold=False, color=array([1., 1., 1.]), colorSpace='rgb', contrast=1.0, depth=0.0, draggable=False, flipHoriz=False, flipVert=False, font='Arial', fontFiles=[], height=np.float64(0.05), italic=False, languageStyle='LTR', name='text_3', opacity=1, ori=0.0, pos=array([0., 0.]), rgb=UNKNOWN, text='thanks ', units='height', win=Window(...), wrapWidth=1)
0.0040 	EXP 	text_2: autoDraw = True
1.0235 	EXP 	Imported data/condd.xlsx as conditions, 4 conditions, 4 params
1.0248 	EXP 	New trial (rep=0, index=0): <Trial 0 (0 in rep 0) data={'word': 'RED', 'colour': 'red', 'stim_condition': 'C', 'correct_res': 'r', 'thisN': 0, 'thisTrialN': 0, 'thisRepN': 0}>
1.0307 	EXP 	text_2: autoDraw = False
1.0307 	EXP 	text: foreColor = <psychopy.colors.Color: red, alpha=1.0>
1.0307 	EXP 	text: height = np.float64(0.05)
1.0307 	EXP 	text: height = np.float64(0.05)
1.0307 	EXP 	text: height = np.float64(0.05)
1.0307 	EXP 	text: text = 'RED'
1.0307 	EXP 	fixation: autoDraw = True
1.5021 	INFO 	Keyboard events cleared
1.5020 	EXP 	fixation: autoDraw = False
1.5020 	EXP 	text: autoDraw = True
3.9682 	EXP 	Device response: <KeyPress from None: t=3.950184100016486, value=r, duration=None>
3.9686 	EXP 	New trial (rep=0, index=1): <Trial 1 (1 in rep 0) data={'word': 'RED', 'colour': 'blue', 'stim_condition': 'I', 'correct_res': 'b', 'thisN': 1, 'thisTrialN': 1, 'thisRepN': 0}>
3.9701 	DATA 	Keypress: r
3.9712 	EXP 	fixation: autoDraw = False
3.9712 	EXP 	text: autoDraw = False
3.9712 	EXP 	text: foreColor = <psychopy.colors.Color: blue, alpha=1.0>
3.9712 	EXP 	text: text = 'RED'
3.9712 	EXP 	fixation: autoDraw = True
4.0675 	EXP 	Device response: <KeyPress from None: t=3.950184100016486, value=r, duration=0.11198990000411868>
4.4835 	INFO 	Keyboard events cleared
4.4833 	EXP 	fixation: autoDraw = False
4.4833 	EXP 	text: autoDraw = True
6.0345 	DATA 	Keypress: b
6.0496 	EXP 	Device response: <KeyPress from None: t=6.033163500018418, value=b, duration=None>
6.0501 	EXP 	New trial (rep=0, index=2): <Trial 2 (2 in rep 0) data={'word': 'BLUE', 'colour': 'red', 'stim_condition': 'I', 'correct_res': 'r', 'thisN': 2, 'thisTrialN': 2, 'thisRepN': 0}>
6.0656 	EXP 	fixation: autoDraw = False
6.0656 	EXP 	text: autoDraw = False
6.0656 	EXP 	text: foreColor = <psychopy.colors.Color: red, alpha=1.0>
6.0656 	EXP 	text: height = np.float64(0.05)
6.0656 	EXP 	text: height = np.float64(0.05)
6.0656 	EXP 	text: height = np.float64(0.05)
6.0656 	EXP 	text: text = 'BLUE'
6.0656 	EXP 	fixation: autoDraw = True
6.1495 	EXP 	Device response: <KeyPress from None: t=6.033163500018418, value=b, duration=0.10893779998878017>
6.5654 	INFO 	Keyboard events cleared
6.5653 	EXP 	fixation: autoDraw = False
6.5653 	EXP 	text: autoDraw = True
7.6318 	EXP 	Device response: <KeyPress from None: t=7.6208386000362225, value=b, duration=None>
7.6322 	EXP 	New trial (rep=0, index=3): <Trial 3 (3 in rep 0) data={'word': 'BLUE', 'colour': 'blue', 'stim_condition': 'C', 'correct_res': 'b', 'thisN': 3, 'thisTrialN': 3, 'thisRepN': 0}>
7.6342 	DATA 	Keypress: b
7.6480 	EXP 	fixation: autoDraw = False
7.6480 	EXP 	text: autoDraw = False
7.6480 	EXP 	text: foreColor = <psychopy.colors.Color: blue, alpha=1.0>
7.6480 	EXP 	text: text = 'BLUE'
7.6480 	EXP 	fixation: autoDraw = True
7.8310 	EXP 	Device response: <KeyPress from None: t=7.6208386000362225, value=b, duration=0.19772989995544776>
8.1312 	INFO 	Keyboard events cleared
8.1310 	EXP 	fixation: autoDraw = False
8.1310 	EXP 	text: autoDraw = True
9.5805 	EXP 	Device response: <KeyPress from None: t=9.573858899995685, value=b, duration=None>
9.5809 	EXP 	New trial (rep=1, index=0): <Trial 4 (0 in rep 1) data={'word': 'BLUE', 'colour': 'red', 'stim_condition': 'I', 'correct_res': 'r', 'thisN': 4, 'thisTrialN': 0, 'thisRepN': 1}>
9.5827 	DATA 	Keypress: b
9.5968 	EXP 	fixation: autoDraw = False
9.5968 	EXP 	text: autoDraw = False
9.5968 	EXP 	text: foreColor = <psychopy.colors.Color: red, alpha=1.0>
9.5968 	EXP 	text: text = 'BLUE'
9.5968 	EXP 	fixation: autoDraw = True
9.6801 	EXP 	Device response: <KeyPress from None: t=9.573858899995685, value=b, duration=0.09338540001772344>
10.0962 	INFO 	Keyboard events cleared
10.0961 	EXP 	fixation: autoDraw = False
10.0961 	EXP 	text: autoDraw = True
11.0964 	EXP 	Device response: <KeyPress from None: t=11.090304500015918, value=r, duration=None>
11.0968 	EXP 	New trial (rep=1, index=1): <Trial 5 (1 in rep 1) data={'word': 'RED', 'colour': 'red', 'stim_condition': 'C', 'correct_res': 'r', 'thisN': 5, 'thisTrialN': 1, 'thisRepN': 1}>
11.1019 	DATA 	Keypress: r
11.1124 	EXP 	fixation: autoDraw = False
11.1124 	EXP 	text: autoDraw = False
11.1124 	EXP 	text: foreColor = <psychopy.colors.Color: red, alpha=1.0>
11.1124 	EXP 	text: height = np.float64(0.05)
11.1124 	EXP 	text: height = np.float64(0.05)
11.1124 	EXP 	text: height = np.float64(0.05)
11.1124 	EXP 	text: text = 'RED'
11.1124 	EXP 	fixation: autoDraw = True
11.2294 	EXP 	Device response: <KeyPress from None: t=11.090304500015918, value=r, duration=0.12649380002403632>
11.6124 	INFO 	Keyboard events cleared
11.6122 	EXP 	fixation: autoDraw = False
11.6122 	EXP 	text: autoDraw = True
12.5285 	EXP 	Device response: <KeyPress from None: t=12.515550400014035, value=r, duration=None>
12.5289 	EXP 	New trial (rep=1, index=2): <Trial 6 (2 in rep 1) data={'word': 'RED', 'colour': 'blue', 'stim_condition': 'I', 'correct_res': 'b', 'thisN': 6, 'thisTrialN': 2, 'thisRepN': 1}>
12.5308 	DATA 	Keypress: r
12.5449 	EXP 	fixation: autoDraw = False
12.5449 	EXP 	text: autoDraw = False
12.5449 	EXP 	text: foreColor = <psychopy.colors.Color: blue, alpha=1.0>
12.5449 	EXP 	text: text = 'RED'
12.5449 	EXP 	fixation: autoDraw = True
12.6286 	EXP 	Device response: <KeyPress from None: t=12.515550400014035, value=r, duration=0.11237599997548386>
13.0448 	INFO 	Keyboard events cleared
13.0446 	EXP 	fixation: autoDraw = False
13.0446 	EXP 	text: autoDraw = True
13.9445 	EXP 	Device response: <KeyPress from None: t=13.943984200013801, value=b, duration=None>
13.9449 	EXP 	New trial (rep=1, index=3): <Trial 7 (3 in rep 1) data={'word': 'BLUE', 'colour': 'blue', 'stim_condition': 'C', 'correct_res': 'b', 'thisN': 7, 'thisTrialN': 3, 'thisRepN': 1}>
13.9505 	DATA 	Keypress: b
13.9606 	EXP 	fixation: autoDraw = False
13.9606 	EXP 	text: autoDraw = False
13.9606 	EXP 	text: foreColor = <psychopy.colors.Color: blue, alpha=1.0>
13.9606 	EXP 	text: height = np.float64(0.05)
13.9606 	EXP 	text: height = np.float64(0.05)
13.9606 	EXP 	text: height = np.float64(0.05)
13.9606 	EXP 	text: text = 'BLUE'
13.9606 	EXP 	fixation: autoDraw = True
14.0776 	EXP 	Device response: <KeyPress from None: t=13.943984200013801, value=b, duration=0.12269869999727234>
14.4603 	INFO 	Keyboard events cleared
14.4602 	EXP 	fixation: autoDraw = False
14.4602 	EXP 	text: autoDraw = True
15.1274 	EXP 	Device response: <KeyPress from None: t=15.126553100009914, value=b, duration=None>
15.1277 	EXP 	New trial (rep=2, index=0): <Trial 8 (0 in rep 2) data={'word': 'BLUE', 'colour': 'red', 'stim_condition': 'I', 'correct_res': 'r', 'thisN': 8, 'thisTrialN': 0, 'thisRepN': 2}>
15.1295 	DATA 	Keypress: b
15.1433 	EXP 	fixation: autoDraw = False
15.1433 	EXP 	text: autoDraw = False
15.1433 	EXP 	text: foreColor = <psychopy.colors.Color: red, alpha=1.0>
15.1433 	EXP 	text: text = 'BLUE'
15.1433 	EXP 	fixation: autoDraw = True
15.2439 	EXP 	Device response: <KeyPress from None: t=15.126553100009914, value=b, duration=0.11634290002984926>
15.6431 	INFO 	Keyboard events cleared
15.6429 	EXP 	fixation: autoDraw = False
15.6429 	EXP 	text: autoDraw = True
16.7927 	EXP 	Device response: <KeyPress from None: t=16.783851700020023, value=r, duration=None>
16.7931 	EXP 	New trial (rep=2, index=1): <Trial 9 (1 in rep 2) data={'word': 'RED', 'colour': 'red', 'stim_condition': 'C', 'correct_res': 'r', 'thisN': 9, 'thisTrialN': 1, 'thisRepN': 2}>
16.7978 	DATA 	Keypress: r
16.8088 	EXP 	fixation: autoDraw = False
16.8088 	EXP 	text: autoDraw = False
16.8088 	EXP 	text: foreColor = <psychopy.colors.Color: red, alpha=1.0>
16.8088 	EXP 	text: height = np.float64(0.05)
16.8088 	EXP 	text: height = np.float64(0.05)
16.8088 	EXP 	text: height = np.float64(0.05)
16.8088 	EXP 	text: text = 'RED'
16.8088 	EXP 	fixation: autoDraw = True
16.9426 	EXP 	Device response: <KeyPress from None: t=16.783851700020023, value=r, duration=0.14372390002245083>
17.3087 	INFO 	Keyboard events cleared
17.3086 	EXP 	fixation: autoDraw = False
17.3086 	EXP 	text: autoDraw = True
17.8421 	EXP 	Device response: <KeyPress from None: t=17.831893800001126, value=r, duration=None>
17.8425 	EXP 	New trial (rep=2, index=2): <Trial 10 (2 in rep 2) data={'word': 'RED', 'colour': 'blue', 'stim_condition': 'I', 'correct_res': 'b', 'thisN': 10, 'thisTrialN': 2, 'thisRepN': 2}>
17.8444 	DATA 	Keypress: r
17.8582 	EXP 	fixation: autoDraw = False
17.8582 	EXP 	text: autoDraw = False
17.8582 	EXP 	text: foreColor = <psychopy.colors.Color: blue, alpha=1.0>
17.8582 	EXP 	text: text = 'RED'
17.8582 	EXP 	fixation: autoDraw = True
17.9752 	EXP 	Device response: <KeyPress from None: t=17.831893800001126, value=r, duration=0.1373804000322707>
18.3581 	INFO 	Keyboard events cleared
18.3579 	EXP 	fixation: autoDraw = False
18.3579 	EXP 	text: autoDraw = True
19.4077 	EXP 	Device response: <KeyPress from None: t=19.403969200036954, value=b, duration=None>
19.4081 	EXP 	New trial (rep=2, index=3): <Trial 11 (3 in rep 2) data={'word': 'BLUE', 'colour': 'blue', 'stim_condition': 'C', 'correct_res': 'b', 'thisN': 11, 'thisTrialN': 3, 'thisRepN': 2}>
19.4134 	DATA 	Keypress: b
19.4238 	EXP 	fixation: autoDraw = False
19.4238 	EXP 	text: autoDraw = False
19.4238 	EXP 	text: foreColor = <psychopy.colors.Color: blue, alpha=1.0>
19.4238 	EXP 	text: height = np.float64(0.05)
19.4238 	EXP 	text: height = np.float64(0.05)
19.4238 	EXP 	text: height = np.float64(0.05)
19.4238 	EXP 	text: text = 'BLUE'
19.4238 	EXP 	fixation: autoDraw = True
19.5243 	EXP 	Device response: <KeyPress from None: t=19.403969200036954, value=b, duration=0.11496729997452348>
19.9237 	INFO 	Keyboard events cleared
19.9235 	EXP 	fixation: autoDraw = False
19.9235 	EXP 	text: autoDraw = True
20.3235 	EXP 	Device response: <KeyPress from None: t=20.309390700014774, value=b, duration=None>
20.3238 	EXP 	New trial (rep=3, index=0): <Trial 12 (0 in rep 3) data={'word': 'RED', 'colour': 'blue', 'stim_condition': 'I', 'correct_res': 'b', 'thisN': 12, 'thisTrialN': 0, 'thisRepN': 3}>
20.3285 	DATA 	Keypress: b
20.3397 	EXP 	fixation: autoDraw = False
20.3397 	EXP 	text: autoDraw = False
20.3397 	EXP 	text: foreColor = <psychopy.colors.Color: blue, alpha=1.0>
20.3397 	EXP 	text: height = np.float64(0.05)
20.3397 	EXP 	text: height = np.float64(0.05)
20.3397 	EXP 	text: height = np.float64(0.05)
20.3397 	EXP 	text: text = 'RED'
20.3397 	EXP 	fixation: autoDraw = True
20.4399 	EXP 	Device response: <KeyPress from None: t=20.309390700014774, value=b, duration=0.12871289998292923>
20.8231 	INFO 	Keyboard events cleared
20.8228 	EXP 	fixation: autoDraw = False
20.8228 	EXP 	text: autoDraw = True
21.8393 	EXP 	Device response: <KeyPress from None: t=21.83633820002433, value=b, duration=None>
21.8396 	EXP 	New trial (rep=3, index=1): <Trial 13 (1 in rep 3) data={'word': 'BLUE', 'colour': 'blue', 'stim_condition': 'C', 'correct_res': 'b', 'thisN': 13, 'thisTrialN': 1, 'thisRepN': 3}>
21.8450 	DATA 	Keypress: b
21.8556 	EXP 	fixation: autoDraw = False
21.8556 	EXP 	text: autoDraw = False
21.8556 	EXP 	text: foreColor = <psychopy.colors.Color: blue, alpha=1.0>
21.8556 	EXP 	text: height = np.float64(0.05)
21.8556 	EXP 	text: height = np.float64(0.05)
21.8556 	EXP 	text: height = np.float64(0.05)
21.8556 	EXP 	text: text = 'BLUE'
21.8556 	EXP 	fixation: autoDraw = True
21.9393 	EXP 	Device response: <KeyPress from None: t=21.83633820002433, value=b, duration=0.09975960000883788>
22.3389 	INFO 	Keyboard events cleared
22.3387 	EXP 	fixation: autoDraw = False
22.3387 	EXP 	text: autoDraw = True
22.8721 	EXP 	Device response: <KeyPress from None: t=22.863629800034687, value=b, duration=None>
22.8724 	EXP 	New trial (rep=3, index=2): <Trial 14 (2 in rep 3) data={'word': 'BLUE', 'colour': 'red', 'stim_condition': 'I', 'correct_res': 'r', 'thisN': 14, 'thisTrialN': 2, 'thisRepN': 3}>
22.8742 	DATA 	Keypress: b
22.8883 	EXP 	fixation: autoDraw = False
22.8883 	EXP 	text: autoDraw = False
22.8883 	EXP 	text: foreColor = <psychopy.colors.Color: red, alpha=1.0>
22.8883 	EXP 	text: text = 'BLUE'
22.8883 	EXP 	fixation: autoDraw = True
22.9720 	EXP 	Device response: <KeyPress from None: t=22.863629800034687, value=b, duration=0.0989689999842085>
23.3715 	INFO 	Keyboard events cleared
23.3714 	EXP 	fixation: autoDraw = False
23.3714 	EXP 	text: autoDraw = True
24.2046 	EXP 	Device response: <KeyPress from None: t=24.19464080000762, value=r, duration=None>
24.2050 	EXP 	New trial (rep=3, index=3): <Trial 15 (3 in rep 3) data={'word': 'RED', 'colour': 'red', 'stim_condition': 'C', 'correct_res': 'r', 'thisN': 15, 'thisTrialN': 3, 'thisRepN': 3}>
24.2104 	DATA 	Keypress: r
24.2207 	EXP 	fixation: autoDraw = False
24.2207 	EXP 	text: autoDraw = False
24.2207 	EXP 	text: foreColor = <psychopy.colors.Color: red, alpha=1.0>
24.2207 	EXP 	text: height = np.float64(0.05)
24.2207 	EXP 	text: height = np.float64(0.05)
24.2207 	EXP 	text: height = np.float64(0.05)
24.2207 	EXP 	text: text = 'RED'
24.2207 	EXP 	fixation: autoDraw = True
24.3045 	EXP 	Device response: <KeyPress from None: t=24.19464080000762, value=r, duration=0.0950536000309512>
24.7040 	INFO 	Keyboard events cleared
24.7039 	EXP 	fixation: autoDraw = False
24.7039 	EXP 	text: autoDraw = True
25.0706 	EXP 	Device response: <KeyPress from None: t=25.057894900033716, value=r, duration=None>
25.0710 	EXP 	New trial (rep=4, index=0): <Trial 16 (0 in rep 4) data={'word': 'RED', 'colour': 'blue', 'stim_condition': 'I', 'correct_res': 'b', 'thisN': 16, 'thisTrialN': 0, 'thisRepN': 4}>
25.0728 	DATA 	Keypress: r
25.0869 	EXP 	fixation: autoDraw = False
25.0869 	EXP 	text: autoDraw = False
25.0869 	EXP 	text: foreColor = <psychopy.colors.Color: blue, alpha=1.0>
25.0869 	EXP 	text: text = 'RED'
25.0869 	EXP 	fixation: autoDraw = True
25.1706 	EXP 	Device response: <KeyPress from None: t=25.057894900033716, value=r, duration=0.10263669997220859>
25.5701 	INFO 	Keyboard events cleared
25.5699 	EXP 	fixation: autoDraw = False
25.5699 	EXP 	text: autoDraw = True
26.3697 	EXP 	Device response: <KeyPress from None: t=26.36235840001609, value=b, duration=None>
26.3700 	EXP 	New trial (rep=4, index=1): <Trial 17 (1 in rep 4) data={'word': 'BLUE', 'colour': 'red', 'stim_condition': 'I', 'correct_res': 'r', 'thisN': 17, 'thisTrialN': 1, 'thisRepN': 4}>
26.3754 	DATA 	Keypress: b
26.3860 	EXP 	fixation: autoDraw = False
26.3860 	EXP 	text: autoDraw = False
26.3860 	EXP 	text: foreColor = <psychopy.colors.Color: red, alpha=1.0>
26.3860 	EXP 	text: height = np.float64(0.05)
26.3860 	EXP 	text: height = np.float64(0.05)
26.3860 	EXP 	text: height = np.float64(0.05)
26.3860 	EXP 	text: text = 'BLUE'
26.3860 	EXP 	fixation: autoDraw = True
26.5365 	EXP 	Device response: <KeyPress from None: t=26.36235840001609, value=b, duration=0.1628519999794662>
26.8693 	INFO 	Keyboard events cleared
26.8691 	EXP 	fixation: autoDraw = False
26.8691 	EXP 	text: autoDraw = True
27.8526 	EXP 	Device response: <KeyPress from None: t=27.851589300029445, value=r, duration=None>
27.8530 	EXP 	New trial (rep=4, index=2): <Trial 18 (2 in rep 4) data={'word': 'RED', 'colour': 'red', 'stim_condition': 'C', 'correct_res': 'r', 'thisN': 18, 'thisTrialN': 2, 'thisRepN': 4}>
27.8584 	DATA 	Keypress: r
27.8685 	EXP 	fixation: autoDraw = False
27.8685 	EXP 	text: autoDraw = False
27.8685 	EXP 	text: foreColor = <psychopy.colors.Color: red, alpha=1.0>
27.8685 	EXP 	text: height = np.float64(0.05)
27.8685 	EXP 	text: height = np.float64(0.05)
27.8685 	EXP 	text: height = np.float64(0.05)
27.8685 	EXP 	text: text = 'RED'
27.8685 	EXP 	fixation: autoDraw = True
27.9694 	EXP 	Device response: <KeyPress from None: t=27.851589300029445, value=r, duration=0.11745159997371957>
28.3683 	INFO 	Keyboard events cleared
28.3681 	EXP 	fixation: autoDraw = False
28.3681 	EXP 	text: autoDraw = True
28.9348 	EXP 	Device response: <KeyPress from None: t=28.932805699994788, value=r, duration=None>
28.9352 	EXP 	New trial (rep=4, index=3): <Trial 19 (3 in rep 4) data={'word': 'BLUE', 'colour': 'blue', 'stim_condition': 'C', 'correct_res': 'b', 'thisN': 19, 'thisTrialN': 3, 'thisRepN': 4}>
28.9402 	DATA 	Keypress: r
28.9511 	EXP 	fixation: autoDraw = False
28.9511 	EXP 	text: autoDraw = False
28.9511 	EXP 	text: foreColor = <psychopy.colors.Color: blue, alpha=1.0>
28.9511 	EXP 	text: height = np.float64(0.05)
28.9511 	EXP 	text: height = np.float64(0.05)
28.9511 	EXP 	text: height = np.float64(0.05)
28.9511 	EXP 	text: text = 'BLUE'
28.9511 	EXP 	fixation: autoDraw = True
29.0349 	EXP 	Device response: <KeyPress from None: t=28.932805699994788, value=r, duration=0.09564990003127605>
29.4344 	INFO 	Keyboard events cleared
29.4342 	EXP 	fixation: autoDraw = False
29.4342 	EXP 	text: autoDraw = True
30.2025 	DATA 	Keypress: b
30.2175 	EXP 	Device response: <KeyPress from None: t=30.201245500007644, value=b, duration=None>
30.2179 	EXP 	New trial (rep=5, index=0): <Trial 20 (0 in rep 5) data={'word': 'RED', 'colour': 'blue', 'stim_condition': 'I', 'correct_res': 'b', 'thisN': 20, 'thisTrialN': 0, 'thisRepN': 5}>
30.2337 	EXP 	fixation: autoDraw = False
30.2337 	EXP 	text: autoDraw = False
30.2337 	EXP 	text: foreColor = <psychopy.colors.Color: blue, alpha=1.0>
30.2337 	EXP 	text: height = np.float64(0.05)
30.2337 	EXP 	text: height = np.float64(0.05)
30.2337 	EXP 	text: height = np.float64(0.05)
30.2337 	EXP 	text: text = 'RED'
30.2337 	EXP 	fixation: autoDraw = True
30.3006 	EXP 	Device response: <KeyPress from None: t=30.201245500007644, value=b, duration=0.09743409999646246>
30.7335 	INFO 	Keyboard events cleared
30.7334 	EXP 	fixation: autoDraw = False
30.7334 	EXP 	text: autoDraw = True
31.5000 	EXP 	Device response: <KeyPress from None: t=31.48542520002229, value=b, duration=None>
31.5004 	EXP 	New trial (rep=5, index=1): <Trial 21 (1 in rep 5) data={'word': 'BLUE', 'colour': 'red', 'stim_condition': 'I', 'correct_res': 'r', 'thisN': 21, 'thisTrialN': 1, 'thisRepN': 5}>
31.5053 	DATA 	Keypress: b
31.5161 	EXP 	fixation: autoDraw = False
31.5161 	EXP 	text: autoDraw = False
31.5161 	EXP 	text: foreColor = <psychopy.colors.Color: red, alpha=1.0>
31.5161 	EXP 	text: height = np.float64(0.05)
31.5161 	EXP 	text: height = np.float64(0.05)
31.5161 	EXP 	text: height = np.float64(0.05)
31.5161 	EXP 	text: text = 'BLUE'
31.5161 	EXP 	fixation: autoDraw = True
31.5998 	EXP 	Device response: <KeyPress from None: t=31.48542520002229, value=b, duration=0.10396610002499074>
31.9994 	INFO 	Keyboard events cleared
31.9992 	EXP 	fixation: autoDraw = False
31.9992 	EXP 	text: autoDraw = True
32.7011 	DATA 	Keypress: r
32.7159 	EXP 	Device response: <KeyPress from None: t=32.69977430003928, value=r, duration=None>
32.7163 	EXP 	New trial (rep=5, index=2): <Trial 22 (2 in rep 5) data={'word': 'RED', 'colour': 'red', 'stim_condition': 'C', 'correct_res': 'r', 'thisN': 22, 'thisTrialN': 2, 'thisRepN': 5}>
32.7321 	EXP 	fixation: autoDraw = False
32.7321 	EXP 	text: autoDraw = False
32.7321 	EXP 	text: foreColor = <psychopy.colors.Color: red, alpha=1.0>
32.7321 	EXP 	text: height = np.float64(0.05)
32.7321 	EXP 	text: height = np.float64(0.05)
32.7321 	EXP 	text: height = np.float64(0.05)
32.7321 	EXP 	text: text = 'RED'
32.7321 	EXP 	fixation: autoDraw = True
32.8158 	EXP 	Device response: <KeyPress from None: t=32.69977430003928, value=r, duration=0.11259659996721894>
33.2318 	INFO 	Keyboard events cleared
33.2316 	EXP 	fixation: autoDraw = False
33.2316 	EXP 	text: autoDraw = True
33.6986 	EXP 	Device response: <KeyPress from None: t=33.68620950001059, value=r, duration=None>
33.6990 	EXP 	New trial (rep=5, index=3): <Trial 23 (3 in rep 5) data={'word': 'BLUE', 'colour': 'blue', 'stim_condition': 'C', 'correct_res': 'b', 'thisN': 23, 'thisTrialN': 3, 'thisRepN': 5}>
33.7042 	DATA 	Keypress: r
33.7147 	EXP 	fixation: autoDraw = False
33.7147 	EXP 	text: autoDraw = False
33.7147 	EXP 	text: foreColor = <psychopy.colors.Color: blue, alpha=1.0>
33.7147 	EXP 	text: height = np.float64(0.05)
33.7147 	EXP 	text: height = np.float64(0.05)
33.7147 	EXP 	text: height = np.float64(0.05)
33.7147 	EXP 	text: text = 'BLUE'
33.7147 	EXP 	fixation: autoDraw = True
33.7986 	EXP 	Device response: <KeyPress from None: t=33.68620950001059, value=r, duration=0.10874649998731911>
34.2146 	INFO 	Keyboard events cleared
34.2144 	EXP 	fixation: autoDraw = False
34.2144 	EXP 	text: autoDraw = True
34.9811 	EXP 	Device response: <KeyPress from None: t=34.97073950001504, value=b, duration=None>
34.9815 	EXP 	New trial (rep=6, index=0): <Trial 24 (0 in rep 6) data={'word': 'RED', 'colour': 'blue', 'stim_condition': 'I', 'correct_res': 'b', 'thisN': 24, 'thisTrialN': 0, 'thisRepN': 6}>
34.9870 	DATA 	Keypress: b
34.9973 	EXP 	fixation: autoDraw = False
34.9973 	EXP 	text: autoDraw = False
34.9973 	EXP 	text: foreColor = <psychopy.colors.Color: blue, alpha=1.0>
34.9973 	EXP 	text: height = np.float64(0.05)
34.9973 	EXP 	text: height = np.float64(0.05)
34.9973 	EXP 	text: height = np.float64(0.05)
34.9973 	EXP 	text: text = 'RED'
34.9973 	EXP 	fixation: autoDraw = True
35.0978 	EXP 	Device response: <KeyPress from None: t=34.97073950001504, value=b, duration=0.11170379997929558>
35.4972 	INFO 	Keyboard events cleared
35.4970 	EXP 	fixation: autoDraw = False
35.4970 	EXP 	text: autoDraw = True
36.8135 	EXP 	Device response: <KeyPress from None: t=36.812516500009224, value=b, duration=None>
36.8139 	EXP 	New trial (rep=6, index=1): <Trial 25 (1 in rep 6) data={'word': 'BLUE', 'colour': 'blue', 'stim_condition': 'C', 'correct_res': 'b', 'thisN': 25, 'thisTrialN': 1, 'thisRepN': 6}>
36.8194 	DATA 	Keypress: b
36.8295 	EXP 	fixation: autoDraw = False
36.8295 	EXP 	text: autoDraw = False
36.8295 	EXP 	text: foreColor = <psychopy.colors.Color: blue, alpha=1.0>
36.8295 	EXP 	text: height = np.float64(0.05)
36.8295 	EXP 	text: height = np.float64(0.05)
36.8295 	EXP 	text: height = np.float64(0.05)
36.8295 	EXP 	text: text = 'BLUE'
36.8295 	EXP 	fixation: autoDraw = True
36.8632 	EXP 	Device response: <KeyPress from None: t=36.812516500009224, value=b, duration=0.04768690001219511>
36.8966 	EXP 	Device response: <KeyPress from None: t=36.89355209999485, value=b, duration=None>
36.8977 	DATA 	Keypress: b
37.0965 	EXP 	Device response: <KeyPress from None: t=36.89355209999485, value=b, duration=0.19830370001727715>
37.3294 	INFO 	Keyboard events cleared
37.3292 	EXP 	fixation: autoDraw = False
37.3292 	EXP 	text: autoDraw = True
37.9959 	EXP 	Device response: <KeyPress from None: t=37.99003560002893, value=b, duration=None>
37.9963 	EXP 	New trial (rep=6, index=2): <Trial 26 (2 in rep 6) data={'word': 'BLUE', 'colour': 'red', 'stim_condition': 'I', 'correct_res': 'r', 'thisN': 26, 'thisTrialN': 2, 'thisRepN': 6}>
37.9980 	DATA 	Keypress: b
38.0120 	EXP 	fixation: autoDraw = False
38.0120 	EXP 	text: autoDraw = False
38.0120 	EXP 	text: foreColor = <psychopy.colors.Color: red, alpha=1.0>
38.0120 	EXP 	text: text = 'BLUE'
38.0120 	EXP 	fixation: autoDraw = True
38.1289 	EXP 	Device response: <KeyPress from None: t=37.99003560002893, value=b, duration=0.13450980000197887>
38.4953 	INFO 	Keyboard events cleared
38.4951 	EXP 	fixation: autoDraw = False
38.4951 	EXP 	text: autoDraw = True
39.1950 	EXP 	Device response: <KeyPress from None: t=39.189684300043155, value=r, duration=None>
39.1954 	EXP 	New trial (rep=6, index=3): <Trial 27 (3 in rep 6) data={'word': 'RED', 'colour': 'red', 'stim_condition': 'C', 'correct_res': 'r', 'thisN': 27, 'thisTrialN': 3, 'thisRepN': 6}>
39.2003 	DATA 	Keypress: r
39.2112 	EXP 	fixation: autoDraw = False
39.2112 	EXP 	text: autoDraw = False
39.2112 	EXP 	text: foreColor = <psychopy.colors.Color: red, alpha=1.0>
39.2112 	EXP 	text: height = np.float64(0.05)
39.2112 	EXP 	text: height = np.float64(0.05)
39.2112 	EXP 	text: height = np.float64(0.05)
39.2112 	EXP 	text: text = 'RED'
39.2112 	EXP 	fixation: autoDraw = True
39.3284 	EXP 	Device response: <KeyPress from None: t=39.189684300043155, value=r, duration=0.13289039995288476>
39.6944 	INFO 	Keyboard events cleared
39.6943 	EXP 	fixation: autoDraw = False
39.6943 	EXP 	text: autoDraw = True
40.0611 	EXP 	Device response: <KeyPress from None: t=40.054505400010385, value=r, duration=None>
40.0615 	EXP 	New trial (rep=7, index=0): <Trial 28 (0 in rep 7) data={'word': 'RED', 'colour': 'red', 'stim_condition': 'C', 'correct_res': 'r', 'thisN': 28, 'thisTrialN': 0, 'thisRepN': 7}>
40.0633 	DATA 	Keypress: r
40.0775 	EXP 	fixation: autoDraw = False
40.0775 	EXP 	text: autoDraw = False
40.0775 	EXP 	text: foreColor = <psychopy.colors.Color: red, alpha=1.0>
40.0775 	EXP 	text: text = 'RED'
40.0775 	EXP 	fixation: autoDraw = True
40.1612 	EXP 	Device response: <KeyPress from None: t=40.054505400010385, value=r, duration=0.10569180001039058>
40.5606 	INFO 	Keyboard events cleared
40.5604 	EXP 	fixation: autoDraw = False
40.5604 	EXP 	text: autoDraw = True
40.8941 	EXP 	Device response: <KeyPress from None: t=40.887988800008316, value=r, duration=None>
40.8945 	EXP 	New trial (rep=7, index=1): <Trial 29 (1 in rep 7) data={'word': 'BLUE', 'colour': 'red', 'stim_condition': 'I', 'correct_res': 'r', 'thisN': 29, 'thisTrialN': 1, 'thisRepN': 7}>
40.8998 	DATA 	Keypress: r
40.9102 	EXP 	fixation: autoDraw = False
40.9102 	EXP 	text: autoDraw = False
40.9102 	EXP 	text: foreColor = <psychopy.colors.Color: red, alpha=1.0>
40.9102 	EXP 	text: height = np.float64(0.05)
40.9102 	EXP 	text: height = np.float64(0.05)
40.9102 	EXP 	text: height = np.float64(0.05)
40.9102 	EXP 	text: text = 'BLUE'
40.9102 	EXP 	fixation: autoDraw = True
40.9940 	EXP 	Device response: <KeyPress from None: t=40.887988800008316, value=r, duration=0.0911255000391975>
41.4100 	INFO 	Keyboard events cleared
41.4098 	EXP 	fixation: autoDraw = False
41.4098 	EXP 	text: autoDraw = True
41.8601 	EXP 	Device response: <KeyPress from None: t=41.849868300021626, value=r, duration=None>
41.8604 	EXP 	New trial (rep=7, index=2): <Trial 30 (2 in rep 7) data={'word': 'BLUE', 'colour': 'blue', 'stim_condition': 'C', 'correct_res': 'b', 'thisN': 30, 'thisTrialN': 2, 'thisRepN': 7}>
41.8622 	DATA 	Keypress: r
41.8761 	EXP 	fixation: autoDraw = False
41.8761 	EXP 	text: autoDraw = False
41.8761 	EXP 	text: foreColor = <psychopy.colors.Color: blue, alpha=1.0>
41.8761 	EXP 	text: text = 'BLUE'
41.8761 	EXP 	fixation: autoDraw = True
41.9435 	EXP 	Device response: <KeyPress from None: t=41.849868300021626, value=r, duration=0.07726849999744445>
42.3595 	INFO 	Keyboard events cleared
42.3593 	EXP 	fixation: autoDraw = False
42.3593 	EXP 	text: autoDraw = True
43.0279 	DATA 	Keypress: b
43.0426 	EXP 	Device response: <KeyPress from None: t=43.02672339999117, value=b, duration=None>
43.0431 	EXP 	New trial (rep=7, index=3): <Trial 31 (3 in rep 7) data={'word': 'RED', 'colour': 'blue', 'stim_condition': 'I', 'correct_res': 'b', 'thisN': 31, 'thisTrialN': 3, 'thisRepN': 7}>
43.0588 	EXP 	fixation: autoDraw = False
43.0588 	EXP 	text: autoDraw = False
43.0588 	EXP 	text: foreColor = <psychopy.colors.Color: blue, alpha=1.0>
43.0588 	EXP 	text: height = np.float64(0.05)
43.0588 	EXP 	text: height = np.float64(0.05)
43.0588 	EXP 	text: height = np.float64(0.05)
43.0588 	EXP 	text: text = 'RED'
43.0588 	EXP 	fixation: autoDraw = True
43.1260 	EXP 	Device response: <KeyPress from None: t=43.02672339999117, value=b, duration=0.09220460004871711>
43.5586 	INFO 	Keyboard events cleared
43.5584 	EXP 	fixation: autoDraw = False
43.5584 	EXP 	text: autoDraw = True
44.0252 	EXP 	Device response: <KeyPress from None: t=44.0249107000418, value=b, duration=None>
44.0257 	EXP 	New trial (rep=8, index=0): <Trial 32 (0 in rep 8) data={'word': 'RED', 'colour': 'red', 'stim_condition': 'C', 'correct_res': 'r', 'thisN': 32, 'thisTrialN': 0, 'thisRepN': 8}>
44.0275 	DATA 	Keypress: b
44.0415 	EXP 	fixation: autoDraw = False
44.0415 	EXP 	text: autoDraw = False
44.0415 	EXP 	text: foreColor = <psychopy.colors.Color: red, alpha=1.0>
44.0415 	EXP 	text: text = 'RED'
44.0415 	EXP 	fixation: autoDraw = True
44.1586 	EXP 	Device response: <KeyPress from None: t=44.0249107000418, value=b, duration=0.12818579998565838>
44.5246 	INFO 	Keyboard events cleared
44.5245 	EXP 	fixation: autoDraw = False
44.5245 	EXP 	text: autoDraw = True
45.2079 	EXP 	Device response: <KeyPress from None: t=45.20174660003977, value=r, duration=None>
45.2083 	EXP 	New trial (rep=8, index=1): <Trial 33 (1 in rep 8) data={'word': 'BLUE', 'colour': 'red', 'stim_condition': 'I', 'correct_res': 'r', 'thisN': 33, 'thisTrialN': 1, 'thisRepN': 8}>
45.2132 	DATA 	Keypress: r
45.2240 	EXP 	fixation: autoDraw = False
45.2240 	EXP 	text: autoDraw = False
45.2240 	EXP 	text: foreColor = <psychopy.colors.Color: red, alpha=1.0>
45.2240 	EXP 	text: height = np.float64(0.05)
45.2240 	EXP 	text: height = np.float64(0.05)
45.2240 	EXP 	text: height = np.float64(0.05)
45.2240 	EXP 	text: text = 'BLUE'
45.2240 	EXP 	fixation: autoDraw = True
45.3246 	EXP 	Device response: <KeyPress from None: t=45.20174660003977, value=r, duration=0.10946539998985827>
45.7073 	INFO 	Keyboard events cleared
45.7071 	EXP 	fixation: autoDraw = False
45.7071 	EXP 	text: autoDraw = True
46.2240 	EXP 	Device response: <KeyPress from None: t=46.218415900017135, value=r, duration=None>
46.2244 	EXP 	New trial (rep=8, index=2): <Trial 34 (2 in rep 8) data={'word': 'BLUE', 'colour': 'blue', 'stim_condition': 'C', 'correct_res': 'b', 'thisN': 34, 'thisTrialN': 2, 'thisRepN': 8}>
46.2263 	DATA 	Keypress: r
46.2402 	EXP 	fixation: autoDraw = False
46.2402 	EXP 	text: autoDraw = False
46.2402 	EXP 	text: foreColor = <psychopy.colors.Color: blue, alpha=1.0>
46.2402 	EXP 	text: text = 'BLUE'
46.2402 	EXP 	fixation: autoDraw = True
46.3405 	EXP 	Device response: <KeyPress from None: t=46.218415900017135, value=r, duration=0.10651279997546226>
46.7400 	INFO 	Keyboard events cleared
46.7399 	EXP 	fixation: autoDraw = False
46.7399 	EXP 	text: autoDraw = True
47.4901 	EXP 	Device response: <KeyPress from None: t=47.48954470001627, value=b, duration=None>
47.4904 	EXP 	New trial (rep=8, index=3): <Trial 35 (3 in rep 8) data={'word': 'RED', 'colour': 'blue', 'stim_condition': 'I', 'correct_res': 'b', 'thisN': 35, 'thisTrialN': 3, 'thisRepN': 8}>
47.4957 	DATA 	Keypress: b
47.5060 	EXP 	fixation: autoDraw = False
47.5060 	EXP 	text: autoDraw = False
47.5060 	EXP 	text: foreColor = <psychopy.colors.Color: blue, alpha=1.0>
47.5060 	EXP 	text: height = np.float64(0.05)
47.5060 	EXP 	text: height = np.float64(0.05)
47.5060 	EXP 	text: height = np.float64(0.05)
47.5060 	EXP 	text: text = 'RED'
47.5060 	EXP 	fixation: autoDraw = True
47.6398 	EXP 	Device response: <KeyPress from None: t=47.48954470001627, value=b, duration=0.14301609998801723>
48.0057 	INFO 	Keyboard events cleared
48.0055 	EXP 	fixation: autoDraw = False
48.0055 	EXP 	text: autoDraw = True
48.6057 	EXP 	Device response: <KeyPress from None: t=48.60011540004052, value=b, duration=None>
48.6061 	EXP 	New trial (rep=9, index=0): <Trial 36 (0 in rep 9) data={'word': 'BLUE', 'colour': 'red', 'stim_condition': 'I', 'correct_res': 'r', 'thisN': 36, 'thisTrialN': 0, 'thisRepN': 9}>
48.6112 	DATA 	Keypress: b
48.6220 	EXP 	fixation: autoDraw = False
48.6220 	EXP 	text: autoDraw = False
48.6220 	EXP 	text: foreColor = <psychopy.colors.Color: red, alpha=1.0>
48.6220 	EXP 	text: height = np.float64(0.05)
48.6220 	EXP 	text: height = np.float64(0.05)
48.6220 	EXP 	text: height = np.float64(0.05)
48.6220 	EXP 	text: text = 'BLUE'
48.6220 	EXP 	fixation: autoDraw = True
48.7391 	EXP 	Device response: <KeyPress from None: t=48.60011540004052, value=b, duration=0.13449309999123216>
49.1051 	INFO 	Keyboard events cleared
49.1050 	EXP 	fixation: autoDraw = False
49.1050 	EXP 	text: autoDraw = True
49.8717 	EXP 	Device response: <KeyPress from None: t=49.86680910002906, value=r, duration=None>
49.8721 	EXP 	New trial (rep=9, index=1): <Trial 37 (1 in rep 9) data={'word': 'RED', 'colour': 'blue', 'stim_condition': 'I', 'correct_res': 'b', 'thisN': 37, 'thisTrialN': 1, 'thisRepN': 9}>
49.8770 	DATA 	Keypress: r
49.8879 	EXP 	fixation: autoDraw = False
49.8879 	EXP 	text: autoDraw = False
49.8879 	EXP 	text: foreColor = <psychopy.colors.Color: blue, alpha=1.0>
49.8879 	EXP 	text: height = np.float64(0.05)
49.8879 	EXP 	text: height = np.float64(0.05)
49.8879 	EXP 	text: height = np.float64(0.05)
49.8879 	EXP 	text: text = 'RED'
49.8879 	EXP 	fixation: autoDraw = True
49.9882 	EXP 	Device response: <KeyPress from None: t=49.86680910002906, value=r, duration=0.11183319997508079>
50.3877 	INFO 	Keyboard events cleared
50.3876 	EXP 	fixation: autoDraw = False
50.3876 	EXP 	text: autoDraw = True
51.2208 	EXP 	Device response: <KeyPress from None: t=51.21603860001778, value=b, duration=None>
51.2212 	EXP 	New trial (rep=9, index=2): <Trial 38 (2 in rep 9) data={'word': 'RED', 'colour': 'red', 'stim_condition': 'C', 'correct_res': 'r', 'thisN': 38, 'thisTrialN': 2, 'thisRepN': 9}>
51.2229 	DATA 	Keypress: b
51.2370 	EXP 	fixation: autoDraw = False
51.2370 	EXP 	text: autoDraw = False
51.2370 	EXP 	text: foreColor = <psychopy.colors.Color: red, alpha=1.0>
51.2370 	EXP 	text: text = 'RED'
51.2370 	EXP 	fixation: autoDraw = True
51.3538 	EXP 	Device response: <KeyPress from None: t=51.21603860001778, value=b, duration=0.13577980000991374>
51.7369 	INFO 	Keyboard events cleared
51.7367 	EXP 	fixation: autoDraw = False
51.7367 	EXP 	text: autoDraw = True
52.4866 	EXP 	Device response: <KeyPress from None: t=52.47379010001896, value=r, duration=None>
52.4870 	EXP 	New trial (rep=9, index=3): <Trial 39 (3 in rep 9) data={'word': 'BLUE', 'colour': 'blue', 'stim_condition': 'C', 'correct_res': 'b', 'thisN': 39, 'thisTrialN': 3, 'thisRepN': 9}>
52.4920 	DATA 	Keypress: r
52.5027 	EXP 	fixation: autoDraw = False
52.5027 	EXP 	text: autoDraw = False
52.5027 	EXP 	text: foreColor = <psychopy.colors.Color: blue, alpha=1.0>
52.5027 	EXP 	text: height = np.float64(0.05)
52.5027 	EXP 	text: height = np.float64(0.05)
52.5027 	EXP 	text: height = np.float64(0.05)
52.5027 	EXP 	text: text = 'BLUE'
52.5027 	EXP 	fixation: autoDraw = True
52.5866 	EXP 	Device response: <KeyPress from None: t=52.47379010001896, value=r, duration=0.1087738000205718>
52.9861 	INFO 	Keyboard events cleared
52.9860 	EXP 	fixation: autoDraw = False
52.9860 	EXP 	text: autoDraw = True
53.7693 	EXP 	Device response: <KeyPress from None: t=53.75486310000997, value=b, duration=None>
53.7727 	DATA 	Keypress: b
53.7854 	EXP 	fixation: autoDraw = False
53.7854 	EXP 	text: autoDraw = False
53.7854 	EXP 	text_3: autoDraw = True
53.8692 	EXP 	Device response: <KeyPress from None: t=53.75486310000997, value=b, duration=0.11126670002704486>
54.7847 	EXP 	text_3: autoDraw = False
54.7847 	EXP 	text_3: autoDraw = False
54.7849 	EXP 	Stroop experiment final: status = STOPPED
54.8060 	INFO 	saved data to 'C:\\Users\\ADMIN\\OneDrive\\Desktop\\PsychoPy\\data\\subject 3_Stroop experiment final_2025-08-25_17h41.34.319.csv'
54.8078 	INFO 	saved data to C:\Users\ADMIN\OneDrive\Desktop\PsychoPy\data\subject 3_Stroop experiment final_2025-08-25_17h41.34.319.psydat
55.2533 	WARNING 	Stopping key buffers but this could be dangerous ifother keyboards rely on the same.
