12.5676 	INFO 	Loaded monitor calibration from ['2025_08_11 21:31']
12.8546 	INFO 	Using renderer 'Intel(R) UHD Graphics' for graphics
12.8546 	INFO 	OpenGL version supported by driver is 4..
13.0611 	EXP 	Created window1 = Window(allowGUI=True, allowStencil=False, autoLog=True, backendConf=UNKNOWN, backgroundFit=<method-wrapper '__getattribute__' of attributeSetter object at 0x000001CDB6E58340>, backgroundImage=<method-wrapper '__getattribute__' of attributeSetter object at 0x000001CDB6E585E0>, bitsMode=UNKNOWN, blendMode='avg', bpc=(8, 8, 8), color=array([0, 0, 0]), colorSpace='rgb', depthBits=8, fullscr=False, gamma=None, gammaErrorPolicy='raise', infoMsg=UNKNOWN, lms=UNKNOWN, monitor=<psychopy.monitors.calibTools.Monitor object at 0x000001CDB6EE1480>, multiSample=False, name='window1', numSamples=2, pos=[np.float64(460.0), np.float64(240.0)], screen=0, size=array([1000,  600]), stencilBits=0, stereo=False, title='PsychoPy', units='height', useFBO=True, useRetina=False, viewOri=0.0, viewPos=None, viewScale=None, waitBlanking=True, winType='pyglet')
13.0612 	EXP 	window1: backgroundImage = ''
13.0612 	EXP 	window1: backgroundFit = 'none'
13.4520 	EXP 	window1: Attempting to measure frame rate of screen (0) ...
13.4520 	EXP 	window1: recordFrameIntervals = False
13.6375 	EXP 	window1: recordFrameIntervals = True
13.8208 	EXP 	Screen (0) actual frame rate measured at 60.13Hz
13.8208 	EXP 	window1: recordFrameIntervals = False
13.8742 	INFO 	keyboard.Keyboard is using ptb backend.
13.8743 	EXP 	Adaptive Staircase: status = STARTED
13.8819 	EXP 	Created fixation = ShapeStim(__class__=<class 'psychopy.visual.shape.ShapeStim'>, anchor=('center', 'center'), autoDraw=False, autoLog=True, closeShape=True, color=method-wrapper(...), colorSpace='rgb', contrast=None, depth=-1.0, draggable=False, fillColor=array([1, 1, 1]), fillColorSpace='rgb', fillRGB=array([1, 1, 1]), interpolate=True, lineColor=array([1., 1., 1.]), lineColorSpace='rgb', lineRGB=array([1, 1, 1]), lineWidth=1.0, name='fixation', opacity=1, ori=0.0, pos=array([0., 0.]), size=array([0.1, 0.1]), units='height', vertices=ndarray(...), win=Window(...), windingRule=None)
13.9405 	EXP 	Created grating = GratingStim(__class__=<class 'psychopy.visual.grating.GratingStim'>, anchor='center', autoDraw=False, autoLog=True, blendmode='avg', color=array([0.5, 0.5, 0.5]), colorSpace='rgb', contrast=0.5, depth=-2.0, draggable=False, interpolate=True, mask='gauss', maskParams=None, name='grating', opacity=1, ori=1.0, phase=array([0., 0.]), pos=array([0., 0.]), rgbPedestal=array([0., 0., 0.]), sf=array([8., 8.]), size=array([0.3, 0.3]), tex='sin', texRes=128.0, units='height', win=Window(...))
0.0123 	WARNING 	Increasing number of minimum required reversals to the number of step sizes, (4).
0.0294 	EXP 	grating: ori = np.float64(10.0)
0.0294 	EXP 	fixation: autoDraw = True
0.5321 	INFO 	Keyboard events cleared
0.5320 	EXP 	grating: autoDraw = True
0.5320 	EXP 	grating: tex = 'sin'
0.5456 	EXP 	fixation: autoDraw = False
0.8464 	EXP 	grating: autoDraw = False
1.3391 	EXP 	Device response: <KeyPress from None: t=1.3300167999695987, value=right, duration=None>
1.3415 	DATA 	Keypress: right
1.3458 	EXP 	fixation: autoDraw = False
1.3458 	EXP 	grating: autoDraw = False
1.3458 	EXP 	grating: ori = np.float64(8.0)
1.3458 	EXP 	fixation: autoDraw = True
1.4801 	EXP 	Device response: <KeyPress from None: t=1.3300167999695987, value=right, duration=0.14554250007495284>
1.8453 	INFO 	Keyboard events cleared
1.8451 	EXP 	fixation: autoDraw = False
1.8451 	EXP 	grating: autoDraw = True
2.1456 	EXP 	grating: autoDraw = False
2.1626 	EXP 	Device response: <KeyPress from None: t=2.1481712999520823, value=right, duration=None>
2.1642 	DATA 	Keypress: right
2.1788 	EXP 	fixation: autoDraw = False
2.1788 	EXP 	grating: autoDraw = False
2.1788 	EXP 	grating: ori = np.float64(-6.0)
2.1788 	EXP 	fixation: autoDraw = True
2.3457 	EXP 	Device response: <KeyPress from None: t=2.1481712999520823, value=right, duration=0.18997110007330775>
2.6621 	INFO 	Keyboard events cleared
2.6619 	EXP 	grating: autoDraw = True
2.6784 	EXP 	fixation: autoDraw = False
2.9458 	EXP 	Device response: <KeyPress from None: t=2.944714199984446, value=right, duration=None>
2.9475 	DATA 	Keypress: right
2.9617 	EXP 	grating: autoDraw = False
2.9617 	EXP 	fixation: autoDraw = False
2.9617 	EXP 	grating: autoDraw = False
2.9617 	EXP 	grating: ori = np.float64(7.0)
2.9617 	EXP 	fixation: autoDraw = True
3.0288 	EXP 	Device response: <KeyPress from None: t=2.944714199984446, value=right, duration=0.06889860006049275>
3.4615 	INFO 	Keyboard events cleared
3.4613 	EXP 	fixation: autoDraw = False
3.4613 	EXP 	grating: autoDraw = True
3.7611 	EXP 	grating: autoDraw = False
3.8445 	EXP 	Device response: <KeyPress from None: t=3.8413241000380367, value=right, duration=None>
3.8460 	DATA 	Keypress: right
3.8608 	EXP 	fixation: autoDraw = False
3.8608 	EXP 	grating: autoDraw = False
3.8608 	EXP 	grating: ori = np.float64(7.0)
3.8608 	EXP 	fixation: autoDraw = True
4.0120 	EXP 	Device response: <KeyPress from None: t=3.8413241000380367, value=right, duration=0.1676602999214083>
4.3443 	INFO 	Keyboard events cleared
4.3441 	EXP 	grating: autoDraw = True
4.3605 	EXP 	fixation: autoDraw = False
4.6440 	EXP 	grating: autoDraw = False
4.7110 	EXP 	Device response: <KeyPress from None: t=4.703503699973226, value=right, duration=None>
4.7125 	DATA 	Keypress: right
4.7271 	EXP 	fixation: autoDraw = False
4.7271 	EXP 	grating: autoDraw = False
4.7271 	EXP 	grating: ori = np.float64(-7.0)
4.7271 	EXP 	fixation: autoDraw = True
4.9110 	EXP 	Device response: <KeyPress from None: t=4.703503699973226, value=right, duration=0.1977518000639975>
5.2268 	INFO 	Keyboard events cleared
5.2267 	EXP 	fixation: autoDraw = False
5.2267 	EXP 	grating: autoDraw = True
5.5264 	EXP 	grating: autoDraw = False
5.5269 	EXP 	Device response: <KeyPress from None: t=5.521330300020054, value=left, duration=None>
5.5285 	DATA 	Keypress: left
5.5432 	EXP 	fixation: autoDraw = False
5.5432 	EXP 	grating: autoDraw = False
5.5432 	EXP 	grating: ori = np.float64(6.0)
5.5432 	EXP 	fixation: autoDraw = True
5.7269 	EXP 	Device response: <KeyPress from None: t=5.521330300020054, value=left, duration=0.19001729995943606>
6.0264 	INFO 	Keyboard events cleared
6.0262 	EXP 	grating: autoDraw = True
6.0429 	EXP 	fixation: autoDraw = False
6.3259 	EXP 	grating: autoDraw = False
6.3948 	DATA 	Keypress: right
6.4098 	EXP 	Device response: <KeyPress from None: t=6.39413929998409, value=right, duration=None>
6.4259 	EXP 	fixation: autoDraw = False
6.4259 	EXP 	grating: autoDraw = False
6.4259 	EXP 	grating: ori = np.float64(6.0)
6.4259 	EXP 	fixation: autoDraw = True
6.5764 	EXP 	Device response: <KeyPress from None: t=6.39413929998409, value=right, duration=0.17729460005648434>
6.9095 	INFO 	Keyboard events cleared
6.9093 	EXP 	grating: autoDraw = True
6.9257 	EXP 	fixation: autoDraw = False
7.1928 	EXP 	Device response: <KeyPress from None: t=7.180293999961577, value=left, duration=None>
7.1944 	DATA 	Keypress: left
7.2090 	EXP 	grating: autoDraw = False
7.2090 	EXP 	fixation: autoDraw = False
7.2090 	EXP 	grating: autoDraw = False
7.2090 	EXP 	grating: ori = np.float64(6.5)
7.2090 	EXP 	fixation: autoDraw = True
7.3930 	EXP 	Device response: <KeyPress from None: t=7.180293999961577, value=left, duration=0.20492450008168817>
7.6922 	INFO 	Keyboard events cleared
7.6921 	EXP 	grating: autoDraw = True
7.7086 	EXP 	fixation: autoDraw = False
7.9918 	EXP 	grating: autoDraw = False
8.0422 	EXP 	Device response: <KeyPress from None: t=8.031744400039315, value=left, duration=None>
8.0438 	DATA 	Keypress: left
8.0584 	EXP 	fixation: autoDraw = False
8.0584 	EXP 	grating: autoDraw = False
8.0584 	EXP 	grating: ori = np.float64(7.0)
8.0584 	EXP 	fixation: autoDraw = True
8.1754 	EXP 	Device response: <KeyPress from None: t=8.031744400039315, value=left, duration=0.1274320000084117>
8.5416 	INFO 	Keyboard events cleared
8.5414 	EXP 	grating: autoDraw = True
8.5581 	EXP 	fixation: autoDraw = False
8.8412 	EXP 	grating: autoDraw = False
9.0751 	EXP 	Device response: <KeyPress from None: t=9.074239999987185, value=right, duration=None>
9.0768 	DATA 	Keypress: right
9.0912 	EXP 	fixation: autoDraw = False
9.0912 	EXP 	grating: autoDraw = False
9.0912 	EXP 	grating: ori = np.float64(-7.0)
9.0912 	EXP 	fixation: autoDraw = True
9.2748 	EXP 	Device response: <KeyPress from None: t=9.074239999987185, value=right, duration=0.19672490004450083>
9.5908 	INFO 	Keyboard events cleared
9.5907 	EXP 	fixation: autoDraw = False
9.5907 	EXP 	grating: autoDraw = True
9.8906 	EXP 	grating: autoDraw = False
9.9742 	EXP 	Device response: <KeyPress from None: t=9.970143600017764, value=left, duration=None>
9.9758 	DATA 	Keypress: left
9.9904 	EXP 	fixation: autoDraw = False
9.9904 	EXP 	grating: autoDraw = False
9.9904 	EXP 	grating: ori = np.float64(-7.0)
9.9904 	EXP 	fixation: autoDraw = True
10.1578 	EXP 	Device response: <KeyPress from None: t=9.970143600017764, value=left, duration=0.18150860001333058>
10.4734 	INFO 	Keyboard events cleared
10.4733 	EXP 	grating: autoDraw = True
10.4899 	EXP 	fixation: autoDraw = False
10.7733 	EXP 	grating: autoDraw = False
10.8736 	EXP 	Device response: <KeyPress from None: t=10.861137800035067, value=left, duration=None>
10.8751 	DATA 	Keypress: left
10.8900 	EXP 	fixation: autoDraw = False
10.8900 	EXP 	grating: autoDraw = False
10.8900 	EXP 	grating: ori = np.float64(6.5)
10.8900 	EXP 	fixation: autoDraw = True
11.0570 	EXP 	Device response: <KeyPress from None: t=10.861137800035067, value=left, duration=0.1831669999519363>
11.3730 	INFO 	Keyboard events cleared
11.3728 	EXP 	grating: autoDraw = True
11.3896 	EXP 	fixation: autoDraw = False
11.6728 	EXP 	grating: autoDraw = False
11.7398 	EXP 	Device response: <KeyPress from None: t=11.735784000018612, value=right, duration=None>
11.7414 	DATA 	Keypress: right
11.7560 	EXP 	fixation: autoDraw = False
11.7560 	EXP 	grating: autoDraw = False
11.7560 	EXP 	grating: ori = np.float64(6.5)
11.7560 	EXP 	fixation: autoDraw = True
11.9231 	EXP 	Device response: <KeyPress from None: t=11.735784000018612, value=right, duration=0.1741543000098318>
12.2560 	INFO 	Keyboard events cleared
12.2558 	EXP 	fixation: autoDraw = False
12.2558 	EXP 	grating: autoDraw = True
12.5556 	EXP 	grating: autoDraw = False
12.6561 	EXP 	Device response: <KeyPress from None: t=12.65366960002575, value=right, duration=None>
12.6576 	DATA 	Keypress: right
12.6723 	EXP 	fixation: autoDraw = False
12.6723 	EXP 	grating: autoDraw = False
12.6723 	EXP 	grating: ori = np.float64(6.5)
12.6723 	EXP 	fixation: autoDraw = True
12.8392 	EXP 	Device response: <KeyPress from None: t=12.65366960002575, value=right, duration=0.17505189997609705>
13.1719 	INFO 	Keyboard events cleared
13.1718 	EXP 	fixation: autoDraw = False
13.1718 	EXP 	grating: autoDraw = True
13.4715 	EXP 	grating: autoDraw = False
13.6720 	EXP 	Device response: <KeyPress from None: t=13.656764599960297, value=right, duration=None>
13.6737 	DATA 	Keypress: right
13.6880 	EXP 	fixation: autoDraw = False
13.6880 	EXP 	grating: autoDraw = False
13.6880 	EXP 	grating: ori = np.float64(-6.0)
13.6880 	EXP 	fixation: autoDraw = True
13.8550 	EXP 	Device response: <KeyPress from None: t=13.656764599960297, value=right, duration=0.1820644000545144>
14.1881 	INFO 	Keyboard events cleared
14.1880 	EXP 	fixation: autoDraw = False
14.1880 	EXP 	grating: autoDraw = True
14.4876 	EXP 	grating: autoDraw = False
14.5054 	EXP 	Device response: <KeyPress from None: t=14.504124199971557, value=left, duration=None>
14.5078 	DATA 	Keypress: left
14.5207 	EXP 	fixation: autoDraw = False
14.5207 	EXP 	grating: autoDraw = False
14.5207 	EXP 	grating: ori = np.float64(6.0)
14.5207 	EXP 	fixation: autoDraw = True
14.7211 	EXP 	Device response: <KeyPress from None: t=14.504124199971557, value=left, duration=0.20498020004015416>
15.0209 	INFO 	Keyboard events cleared
15.0207 	EXP 	fixation: autoDraw = False
15.0207 	EXP 	grating: autoDraw = True
15.3204 	EXP 	grating: autoDraw = False
15.3877 	EXP 	Device response: <KeyPress from None: t=15.385449800058268, value=left, duration=None>
15.3892 	DATA 	Keypress: left
15.4037 	EXP 	fixation: autoDraw = False
15.4037 	EXP 	grating: autoDraw = False
15.4037 	EXP 	grating: ori = np.float64(-6.5)
15.4037 	EXP 	fixation: autoDraw = True
15.4877 	EXP 	Device response: <KeyPress from None: t=15.47632719995454, value=right, duration=None>
15.4887 	DATA 	Keypress: right
15.5040 	EXP 	Device response: <KeyPress from None: t=15.385449800058268, value=left, duration=0.10698359995149076>
15.6872 	EXP 	Device response: <KeyPress from None: t=15.47632719995454, value=right, duration=0.19831460004206747>
15.9036 	INFO 	Keyboard events cleared
15.9035 	EXP 	fixation: autoDraw = False
15.9035 	EXP 	grating: autoDraw = True
16.2032 	EXP 	grating: autoDraw = False
16.3371 	EXP 	Device response: <KeyPress from None: t=16.334502700017765, value=left, duration=None>
16.3387 	DATA 	Keypress: left
16.3532 	EXP 	fixation: autoDraw = False
16.3532 	EXP 	grating: autoDraw = False
16.3532 	EXP 	grating: ori = np.float64(6.5)
16.3532 	EXP 	fixation: autoDraw = True
16.5198 	EXP 	Device response: <KeyPress from None: t=16.334502700017765, value=left, duration=0.18207610002718866>
16.8529 	INFO 	Keyboard events cleared
16.8528 	EXP 	fixation: autoDraw = False
16.8528 	EXP 	grating: autoDraw = True
17.1526 	EXP 	grating: autoDraw = False
17.2381 	DATA 	Keypress: right
17.2530 	EXP 	Device response: <KeyPress from None: t=17.23762320005335, value=right, duration=None>
17.2693 	EXP 	fixation: autoDraw = False
17.2693 	EXP 	grating: autoDraw = False
17.2693 	EXP 	grating: ori = np.float64(-6.5)
17.2693 	EXP 	fixation: autoDraw = True
17.4530 	EXP 	Device response: <KeyPress from None: t=17.23762320005335, value=right, duration=0.19856619997881353>
17.7524 	INFO 	Keyboard events cleared
17.7522 	EXP 	grating: autoDraw = True
17.7688 	EXP 	fixation: autoDraw = False
18.0521 	EXP 	grating: autoDraw = False
18.2028 	EXP 	Device response: <KeyPress from None: t=18.200126299983822, value=left, duration=None>
18.2045 	DATA 	Keypress: left
18.2185 	EXP 	fixation: autoDraw = False
18.2185 	EXP 	grating: autoDraw = False
18.2185 	EXP 	grating: ori = np.float64(6.0)
18.2185 	EXP 	fixation: autoDraw = True
18.3860 	EXP 	Device response: <KeyPress from None: t=18.200126299983822, value=left, duration=0.18309549998957664>
18.7185 	INFO 	Keyboard events cleared
18.7183 	EXP 	fixation: autoDraw = False
18.7183 	EXP 	grating: autoDraw = True
19.0179 	EXP 	grating: autoDraw = False
19.0352 	EXP 	Device response: <KeyPress from None: t=19.02993790002074, value=right, duration=None>
19.0367 	DATA 	Keypress: right
19.0512 	EXP 	fixation: autoDraw = False
19.0512 	EXP 	grating: autoDraw = False
19.0512 	EXP 	grating: ori = np.float64(6.0)
19.0512 	EXP 	fixation: autoDraw = True
19.2351 	EXP 	Device response: <KeyPress from None: t=19.02993790002074, value=right, duration=0.19020449998788536>
19.5350 	INFO 	Keyboard events cleared
19.5348 	EXP 	grating: autoDraw = True
19.5510 	EXP 	fixation: autoDraw = False
19.8341 	EXP 	grating: autoDraw = False
19.9192 	DATA 	Keypress: right
19.9347 	EXP 	Device response: <KeyPress from None: t=19.91865670005791, value=right, duration=None>
19.9507 	EXP 	fixation: autoDraw = False
19.9507 	EXP 	grating: autoDraw = False
19.9507 	EXP 	grating: ori = np.float64(6.0)
19.9507 	EXP 	fixation: autoDraw = True
20.1020 	EXP 	Device response: <KeyPress from None: t=19.91865670005791, value=right, duration=0.18129939993377775>
20.4339 	INFO 	Keyboard events cleared
20.4338 	EXP 	grating: autoDraw = True
20.4503 	EXP 	fixation: autoDraw = False
20.7337 	EXP 	grating: autoDraw = False
20.8008 	EXP 	Device response: <KeyPress from None: t=20.788706799969077, value=right, duration=None>
20.8023 	DATA 	Keypress: right
20.8169 	EXP 	fixation: autoDraw = False
20.8169 	EXP 	grating: autoDraw = False
20.8169 	EXP 	grating: ori = np.float64(5.5)
20.8169 	EXP 	fixation: autoDraw = True
21.0010 	EXP 	Device response: <KeyPress from None: t=20.788706799969077, value=right, duration=0.2046577000292018>
21.3168 	INFO 	Keyboard events cleared
21.3167 	EXP 	fixation: autoDraw = False
21.3167 	EXP 	grating: autoDraw = True
21.6164 	EXP 	grating: autoDraw = False
21.7003 	EXP 	Device response: <KeyPress from None: t=21.684845400042832, value=right, duration=None>
21.7019 	DATA 	Keypress: right
21.7164 	EXP 	fixation: autoDraw = False
21.7164 	EXP 	grating: autoDraw = False
21.7164 	EXP 	grating: ori = np.float64(5.5)
21.7164 	EXP 	fixation: autoDraw = True
21.9003 	EXP 	Device response: <KeyPress from None: t=21.684845400042832, value=right, duration=0.2072921999497339>
22.1997 	INFO 	Keyboard events cleared
22.1995 	EXP 	grating: autoDraw = True
22.2160 	EXP 	fixation: autoDraw = False
22.4993 	EXP 	grating: autoDraw = False
22.5830 	EXP 	Device response: <KeyPress from None: t=22.57837580004707, value=right, duration=None>
22.5845 	DATA 	Keypress: right
22.5989 	EXP 	fixation: autoDraw = False
22.5989 	EXP 	grating: autoDraw = False
22.5989 	EXP 	grating: ori = np.float64(5.5)
22.5989 	EXP 	fixation: autoDraw = True
22.7663 	EXP 	Device response: <KeyPress from None: t=22.57837580004707, value=right, duration=0.18731810001190752>
23.0991 	INFO 	Keyboard events cleared
23.0989 	EXP 	fixation: autoDraw = False
23.0989 	EXP 	grating: autoDraw = True
23.3987 	EXP 	grating: autoDraw = False
23.4658 	EXP 	Device response: <KeyPress from None: t=23.452839700039476, value=right, duration=None>
23.4674 	DATA 	Keypress: right
23.4818 	EXP 	fixation: autoDraw = False
23.4818 	EXP 	grating: autoDraw = False
23.4818 	EXP 	grating: ori = np.float64(-5.0)
23.4818 	EXP 	fixation: autoDraw = True
23.6331 	EXP 	Device response: <KeyPress from None: t=23.452839700039476, value=right, duration=0.1709929999196902>
23.9817 	INFO 	Keyboard events cleared
23.9815 	EXP 	fixation: autoDraw = False
23.9815 	EXP 	grating: autoDraw = True
24.2814 	EXP 	grating: autoDraw = False
24.4318 	EXP 	Device response: <KeyPress from None: t=24.421313300030306, value=left, duration=None>
24.4333 	DATA 	Keypress: left
24.4478 	EXP 	fixation: autoDraw = False
24.4478 	EXP 	grating: autoDraw = False
24.4478 	EXP 	grating: ori = np.float64(5.0)
24.4478 	EXP 	fixation: autoDraw = True
24.5984 	EXP 	Device response: <KeyPress from None: t=24.421313300030306, value=left, duration=0.15995440003462136>
24.9311 	INFO 	Keyboard events cleared
24.9309 	EXP 	grating: autoDraw = True
24.9475 	EXP 	fixation: autoDraw = False
25.2308 	EXP 	grating: autoDraw = False
25.2479 	EXP 	Device response: <KeyPress from None: t=25.238800500053912, value=right, duration=None>
25.2495 	DATA 	Keypress: right
25.2640 	EXP 	fixation: autoDraw = False
25.2640 	EXP 	grating: autoDraw = False
25.2640 	EXP 	grating: ori = np.float64(5.0)
25.2640 	EXP 	fixation: autoDraw = True
25.4311 	EXP 	Device response: <KeyPress from None: t=25.238800500053912, value=right, duration=0.18147439998574555>
25.7639 	INFO 	Keyboard events cleared
25.7638 	EXP 	fixation: autoDraw = False
25.7638 	EXP 	grating: autoDraw = True
26.0635 	EXP 	grating: autoDraw = False
26.1985 	DATA 	Keypress: right
26.2140 	EXP 	Device response: <KeyPress from None: t=26.197773899999447, value=right, duration=None>
26.2301 	EXP 	fixation: autoDraw = False
26.2301 	EXP 	grating: autoDraw = False
26.2301 	EXP 	grating: ori = np.float64(-4.5)
26.2301 	EXP 	fixation: autoDraw = True
26.4137 	EXP 	Device response: <KeyPress from None: t=26.197773899999447, value=right, duration=0.20103280001785606>
26.7134 	INFO 	Keyboard events cleared
26.7132 	EXP 	grating: autoDraw = True
26.7297 	EXP 	fixation: autoDraw = False
27.0131 	EXP 	grating: autoDraw = False
27.0468 	EXP 	Device response: <KeyPress from None: t=27.041603400022723, value=left, duration=None>
27.0483 	DATA 	Keypress: left
27.0629 	EXP 	fixation: autoDraw = False
27.0629 	EXP 	grating: autoDraw = False
27.0629 	EXP 	grating: ori = np.float64(4.5)
27.0629 	EXP 	fixation: autoDraw = True
27.2464 	EXP 	Device response: <KeyPress from None: t=27.041603400022723, value=left, duration=0.19330529996659607>
27.5627 	INFO 	Keyboard events cleared
27.5625 	EXP 	fixation: autoDraw = False
27.5625 	EXP 	grating: autoDraw = True
27.8625 	EXP 	grating: autoDraw = False
27.8798 	EXP 	Device response: <KeyPress from None: t=27.874640500056557, value=right, duration=None>
27.8814 	DATA 	Keypress: right
27.8957 	EXP 	fixation: autoDraw = False
27.8957 	EXP 	grating: autoDraw = False
27.8957 	EXP 	grating: ori = np.float64(4.5)
27.8957 	EXP 	fixation: autoDraw = True
28.0960 	EXP 	Device response: <KeyPress from None: t=27.874640500056557, value=right, duration=0.20642089995089918>
28.3955 	INFO 	Keyboard events cleared
28.3953 	EXP 	fixation: autoDraw = False
28.3953 	EXP 	grating: autoDraw = True
28.6289 	EXP 	Device response: <KeyPress from None: t=28.62605339998845, value=left, duration=None>
28.6305 	DATA 	Keypress: left
28.6453 	EXP 	fixation: autoDraw = False
28.6453 	EXP 	grating: autoDraw = False
28.6453 	EXP 	grating: ori = np.float64(-5.0)
28.6453 	EXP 	fixation: autoDraw = True
28.7793 	EXP 	Device response: <KeyPress from None: t=28.62605339998845, value=left, duration=0.1506202999735251>
29.1285 	INFO 	Keyboard events cleared
29.1283 	EXP 	grating: autoDraw = True
29.1449 	EXP 	fixation: autoDraw = False
29.4280 	EXP 	grating: autoDraw = False
29.7950 	EXP 	Device response: <KeyPress from None: t=29.782179499976337, value=left, duration=None>
29.7966 	DATA 	Keypress: left
29.8113 	EXP 	fixation: autoDraw = False
29.8113 	EXP 	grating: autoDraw = False
29.8113 	EXP 	grating: ori = np.float64(5.0)
29.8113 	EXP 	fixation: autoDraw = True
29.9783 	EXP 	Device response: <KeyPress from None: t=29.782179499976337, value=left, duration=0.18123730004299432>
30.2944 	INFO 	Keyboard events cleared
30.2942 	EXP 	grating: autoDraw = True
30.3109 	EXP 	fixation: autoDraw = False
30.5947 	EXP 	grating: autoDraw = False
30.6113 	EXP 	Device response: <KeyPress from None: t=30.598380399984308, value=right, duration=None>
30.6129 	DATA 	Keypress: right
30.6274 	EXP 	fixation: autoDraw = False
30.6274 	EXP 	grating: autoDraw = False
30.6274 	EXP 	grating: ori = np.float64(5.0)
30.6274 	EXP 	fixation: autoDraw = True
30.7943 	EXP 	Device response: <KeyPress from None: t=30.598380399984308, value=right, duration=0.18076969997491688>
31.1271 	INFO 	Keyboard events cleared
31.1270 	EXP 	fixation: autoDraw = False
31.1270 	EXP 	grating: autoDraw = True
31.4269 	EXP 	grating: autoDraw = False
31.5283 	DATA 	Keypress: right
31.5439 	EXP 	Device response: <KeyPress from None: t=31.527373300050385, value=right, duration=None>
31.5601 	EXP 	fixation: autoDraw = False
31.5601 	EXP 	grating: autoDraw = False
31.5601 	EXP 	grating: ori = np.float64(-4.5)
31.5601 	EXP 	fixation: autoDraw = True
31.7440 	EXP 	Device response: <KeyPress from None: t=31.527373300050385, value=right, duration=0.21183159993961453>
32.0432 	INFO 	Keyboard events cleared
32.0430 	EXP 	grating: autoDraw = True
32.0598 	EXP 	fixation: autoDraw = False
32.3429 	EXP 	grating: autoDraw = False
32.4267 	EXP 	Device response: <KeyPress from None: t=32.41051730001345, value=left, duration=None>
32.4283 	DATA 	Keypress: left
32.4429 	EXP 	fixation: autoDraw = False
32.4429 	EXP 	grating: autoDraw = False
32.4429 	EXP 	grating: ori = np.float64(4.5)
32.4429 	EXP 	fixation: autoDraw = True
32.5933 	EXP 	Device response: <KeyPress from None: t=32.41051730001345, value=left, duration=0.1720000000204891>
32.9261 	INFO 	Keyboard events cleared
32.9259 	EXP 	grating: autoDraw = True
32.9426 	EXP 	fixation: autoDraw = False
33.2258 	EXP 	grating: autoDraw = False
33.2929 	EXP 	Device response: <KeyPress from None: t=33.283097599982284, value=right, duration=None>
33.2943 	DATA 	Keypress: right
33.3091 	EXP 	fixation: autoDraw = False
33.3091 	EXP 	grating: autoDraw = False
33.3091 	EXP 	grating: ori = np.float64(4.5)
33.3091 	EXP 	fixation: autoDraw = True
33.4925 	EXP 	Device response: <KeyPress from None: t=33.283097599982284, value=right, duration=0.19359180005267262>
33.8088 	INFO 	Keyboard events cleared
33.8086 	EXP 	fixation: autoDraw = False
33.8086 	EXP 	grating: autoDraw = True
34.1084 	EXP 	grating: autoDraw = False
34.1255 	EXP 	Device response: <KeyPress from None: t=34.11700590001419, value=right, duration=None>
34.1271 	DATA 	Keypress: right
34.1418 	EXP 	fixation: autoDraw = False
34.1418 	EXP 	grating: autoDraw = False
34.1418 	EXP 	grating: ori = np.float64(-4.0)
34.1418 	EXP 	fixation: autoDraw = True
34.3087 	EXP 	Device response: <KeyPress from None: t=34.11700590001419, value=right, duration=0.1758455999661237>
34.6249 	INFO 	Keyboard events cleared
34.6248 	EXP 	grating: autoDraw = True
34.6413 	EXP 	fixation: autoDraw = False
34.9244 	EXP 	grating: autoDraw = False
34.9599 	DATA 	Keypress: right
34.9751 	EXP 	Device response: <KeyPress from None: t=34.95933199999854, value=right, duration=None>
34.9912 	EXP 	fixation: autoDraw = False
34.9912 	EXP 	grating: autoDraw = False
34.9912 	EXP 	grating: ori = np.float64(4.5)
34.9912 	EXP 	fixation: autoDraw = True
35.1414 	EXP 	Device response: <KeyPress from None: t=34.95933199999854, value=right, duration=0.16748599999118596>
35.4910 	INFO 	Keyboard events cleared
35.4909 	EXP 	fixation: autoDraw = False
35.4909 	EXP 	grating: autoDraw = True
35.7913 	EXP 	grating: autoDraw = False
35.8078 	EXP 	Device response: <KeyPress from None: t=35.79403430002276, value=right, duration=None>
35.8094 	DATA 	Keypress: right
35.8241 	EXP 	fixation: autoDraw = False
35.8241 	EXP 	grating: autoDraw = False
35.8241 	EXP 	grating: ori = np.float64(-4.5)
35.8241 	EXP 	fixation: autoDraw = True
35.9910 	EXP 	Device response: <KeyPress from None: t=35.79403430002276, value=right, duration=0.18518459994811565>
36.3073 	INFO 	Keyboard events cleared
36.3071 	EXP 	grating: autoDraw = True
36.3237 	EXP 	fixation: autoDraw = False
36.5573 	EXP 	Device response: <KeyPress from None: t=36.544934100005776, value=left, duration=None>
36.5588 	DATA 	Keypress: left
36.5734 	EXP 	fixation: autoDraw = False
36.5734 	EXP 	grating: autoDraw = False
36.5734 	EXP 	grating: ori = np.float64(-4.5)
36.5734 	EXP 	fixation: autoDraw = True
36.7239 	EXP 	Device response: <KeyPress from None: t=36.544934100005776, value=left, duration=0.16815250006038696>
37.0565 	INFO 	Keyboard events cleared
37.0564 	EXP 	grating: autoDraw = True
37.0731 	EXP 	fixation: autoDraw = False
37.3563 	EXP 	grating: autoDraw = False
37.4075 	EXP 	Device response: <KeyPress from None: t=37.405652899993584, value=right, duration=None>
37.4091 	DATA 	Keypress: right
37.4231 	EXP 	fixation: autoDraw = False
37.4231 	EXP 	grating: autoDraw = False
37.4231 	EXP 	grating: ori = np.float64(5.0)
37.4231 	EXP 	fixation: autoDraw = True
37.5901 	EXP 	Device response: <KeyPress from None: t=37.405652899993584, value=right, duration=0.16842200001701713>
37.9229 	INFO 	Keyboard events cleared
37.9227 	EXP 	fixation: autoDraw = False
37.9227 	EXP 	grating: autoDraw = True
38.2226 	EXP 	grating: autoDraw = False
38.3910 	DATA 	Keypress: right
38.4063 	EXP 	Device response: <KeyPress from None: t=38.39045690000057, value=right, duration=None>
38.4224 	EXP 	fixation: autoDraw = False
38.4224 	EXP 	grating: autoDraw = False
38.4224 	EXP 	grating: ori = np.float64(-5.0)
38.4224 	EXP 	fixation: autoDraw = True
38.5893 	EXP 	Device response: <KeyPress from None: t=38.39045690000057, value=right, duration=0.18684510001912713>
38.9224 	INFO 	Keyboard events cleared
38.9222 	EXP 	fixation: autoDraw = False
38.9222 	EXP 	grating: autoDraw = True
39.2221 	EXP 	grating: autoDraw = False
39.3224 	EXP 	Device response: <KeyPress from None: t=39.30832469998859, value=right, duration=None>
39.3240 	DATA 	Keypress: right
39.3383 	EXP 	fixation: autoDraw = False
39.3383 	EXP 	grating: autoDraw = False
39.3383 	EXP 	grating: ori = np.float64(-5.5)
39.3383 	EXP 	fixation: autoDraw = True
39.4720 	EXP 	Device response: <KeyPress from None: t=39.30832469998859, value=right, duration=0.15254649997223169>
39.8382 	INFO 	Keyboard events cleared
39.8381 	EXP 	fixation: autoDraw = False
39.8381 	EXP 	grating: autoDraw = True
40.1380 	EXP 	grating: autoDraw = False
40.7564 	DATA 	Keypress: left
40.7715 	EXP 	Device response: <KeyPress from None: t=40.755889800027944, value=left, duration=None>
40.7878 	EXP 	fixation: autoDraw = False
40.7878 	EXP 	grating: autoDraw = False
40.7878 	EXP 	grating: ori = np.float64(-5.5)
40.7878 	EXP 	fixation: autoDraw = True
40.9553 	EXP 	Device response: <KeyPress from None: t=40.755889800027944, value=left, duration=0.19267469993792474>
41.2707 	INFO 	Keyboard events cleared
41.2705 	EXP 	grating: autoDraw = True
41.2871 	EXP 	fixation: autoDraw = False
41.5375 	EXP 	Device response: <KeyPress from None: t=41.524554100004025, value=right, duration=None>
41.5391 	DATA 	Keypress: right
41.5538 	EXP 	fixation: autoDraw = False
41.5538 	EXP 	grating: autoDraw = False
41.5538 	EXP 	grating: ori = np.float64(6.0)
41.5538 	EXP 	fixation: autoDraw = True
41.7715 	EXP 	Device response: <KeyPress from None: t=41.524554100004025, value=right, duration=0.24227930000051856>
42.0369 	INFO 	Keyboard events cleared
42.0368 	EXP 	grating: autoDraw = True
42.0533 	EXP 	fixation: autoDraw = False
42.3364 	EXP 	grating: autoDraw = False
42.4536 	EXP 	Device response: <KeyPress from None: t=42.44868839997798, value=right, duration=None>
42.4551 	DATA 	Keypress: right
42.4699 	EXP 	fixation: autoDraw = False
42.4699 	EXP 	grating: autoDraw = False
42.4699 	EXP 	grating: ori = np.float64(6.0)
42.4699 	EXP 	fixation: autoDraw = True
42.6036 	EXP 	Device response: <KeyPress from None: t=42.44868839997798, value=right, duration=0.13988370005972683>
42.9697 	INFO 	Keyboard events cleared
42.9696 	EXP 	fixation: autoDraw = False
42.9696 	EXP 	grating: autoDraw = True
43.1865 	EXP 	Device response: <KeyPress from None: t=43.18049850000534, value=left, duration=None>
43.1881 	DATA 	Keypress: left
43.2027 	EXP 	fixation: autoDraw = False
43.2027 	EXP 	grating: autoDraw = False
43.2027 	EXP 	grating: ori = np.float64(6.5)
43.2027 	EXP 	fixation: autoDraw = True
43.3697 	EXP 	Device response: <KeyPress from None: t=43.18049850000534, value=left, duration=0.1723634999943897>
43.7024 	INFO 	Keyboard events cleared
43.7022 	EXP 	fixation: autoDraw = False
43.7022 	EXP 	grating: autoDraw = True
44.0023 	EXP 	grating: autoDraw = False
44.1691 	EXP 	Device response: <KeyPress from None: t=44.15819840005133, value=right, duration=None>
44.1706 	DATA 	Keypress: right
44.1854 	EXP 	fixation: autoDraw = False
44.1854 	EXP 	grating: autoDraw = False
44.1854 	EXP 	grating: ori = np.float64(6.5)
44.1854 	EXP 	fixation: autoDraw = True
44.3361 	EXP 	Device response: <KeyPress from None: t=44.15819840005133, value=right, duration=0.17180909996386617>
44.6688 	INFO 	Keyboard events cleared
44.6686 	EXP 	grating: autoDraw = True
44.6850 	EXP 	fixation: autoDraw = False
44.9683 	EXP 	grating: autoDraw = False
45.1530 	DATA 	Keypress: right
45.1685 	EXP 	Device response: <KeyPress from None: t=45.152415000018664, value=right, duration=None>
45.1848 	EXP 	fixation: autoDraw = False
45.1848 	EXP 	grating: autoDraw = False
45.1848 	EXP 	grating: ori = np.float64(-6.5)
45.1848 	EXP 	fixation: autoDraw = True
45.3184 	EXP 	Device response: <KeyPress from None: t=45.152415000018664, value=right, duration=0.15045670000836253>
45.6847 	INFO 	Keyboard events cleared
45.6845 	EXP 	fixation: autoDraw = False
45.6845 	EXP 	grating: autoDraw = True
45.9843 	EXP 	grating: autoDraw = False
46.1015 	EXP 	Device response: <KeyPress from None: t=46.09625339997001, value=left, duration=None>
46.1030 	DATA 	Keypress: left
46.1176 	EXP 	fixation: autoDraw = False
46.1176 	EXP 	grating: autoDraw = False
46.1176 	EXP 	grating: ori = np.float64(-6.0)
46.1176 	EXP 	fixation: autoDraw = True
46.2683 	EXP 	Device response: <KeyPress from None: t=46.09625339997001, value=left, duration=0.16156989999581128>
46.6174 	INFO 	Keyboard events cleared
46.6172 	EXP 	fixation: autoDraw = False
46.6172 	EXP 	grating: autoDraw = True
46.8340 	EXP 	Device response: <KeyPress from None: t=46.831165899988264, value=right, duration=None>
46.8356 	DATA 	Keypress: right
46.8502 	EXP 	fixation: autoDraw = False
46.8502 	EXP 	grating: autoDraw = False
46.8502 	EXP 	grating: ori = np.float64(6.5)
46.8502 	EXP 	fixation: autoDraw = True
47.0172 	EXP 	Device response: <KeyPress from None: t=46.831165899988264, value=right, duration=0.18227930006105453>
47.3502 	INFO 	Keyboard events cleared
47.3500 	EXP 	fixation: autoDraw = False
47.3500 	EXP 	grating: autoDraw = True
47.6495 	EXP 	grating: autoDraw = False
47.6670 	EXP 	Device response: <KeyPress from None: t=47.66491719998885, value=right, duration=None>
47.6688 	DATA 	Keypress: right
47.6827 	EXP 	fixation: autoDraw = False
47.6827 	EXP 	grating: autoDraw = False
47.6827 	EXP 	grating: ori = np.float64(6.5)
47.6827 	EXP 	fixation: autoDraw = True
47.8333 	EXP 	Device response: <KeyPress from None: t=47.66491719998885, value=right, duration=0.156947800074704>
48.1666 	INFO 	Keyboard events cleared
48.1664 	EXP 	grating: autoDraw = True
48.1830 	EXP 	fixation: autoDraw = False
48.4661 	EXP 	grating: autoDraw = False
48.5830 	EXP 	Device response: <KeyPress from None: t=48.56795980001334, value=left, duration=None>
48.5846 	DATA 	Keypress: left
48.5991 	EXP 	fixation: autoDraw = False
48.5991 	EXP 	grating: autoDraw = False
48.5991 	EXP 	grating: ori = np.float64(-7.0)
48.5991 	EXP 	fixation: autoDraw = True
48.6331 	EXP 	Device response: <KeyPress from None: t=48.62602850003168, value=right, duration=None>
48.6342 	DATA 	Keypress: right
48.6664 	EXP 	Device response: <KeyPress from None: t=48.56795980001334, value=left, duration=0.0889467999804765>
48.8165 	EXP 	Device response: <KeyPress from None: t=48.62602850003168, value=right, duration=0.18563099997118115>
49.0827 	INFO 	Keyboard events cleared
49.0825 	EXP 	grating: autoDraw = True
49.0989 	EXP 	fixation: autoDraw = False
49.3821 	EXP 	grating: autoDraw = False
49.6323 	EXP 	Device response: <KeyPress from None: t=49.629444299964234, value=left, duration=None>
49.6338 	DATA 	Keypress: left
49.6486 	EXP 	fixation: autoDraw = False
49.6486 	EXP 	grating: autoDraw = False
49.6486 	EXP 	grating: ori = np.float64(7.0)
49.6486 	EXP 	fixation: autoDraw = True
49.8494 	EXP 	Device response: <KeyPress from None: t=49.629444299964234, value=left, duration=0.21483070007525384>
50.1318 	INFO 	Keyboard events cleared
50.1316 	EXP 	grating: autoDraw = True
50.1484 	EXP 	fixation: autoDraw = False
50.4316 	EXP 	grating: autoDraw = False
50.4321 	EXP 	Device response: <KeyPress from None: t=50.4178288000403, value=right, duration=None>
50.4337 	DATA 	Keypress: right
50.4481 	EXP 	fixation: autoDraw = False
50.4481 	EXP 	grating: autoDraw = False
50.4481 	EXP 	grating: ori = np.float64(-7.0)
50.4481 	EXP 	fixation: autoDraw = True
50.6154 	EXP 	Device response: <KeyPress from None: t=50.4178288000403, value=right, duration=0.19428789999801666>
50.9482 	INFO 	Keyboard events cleared
50.9480 	EXP 	fixation: autoDraw = False
50.9480 	EXP 	grating: autoDraw = True
51.2475 	EXP 	grating: autoDraw = False
51.3995 	DATA 	Keypress: left
51.4147 	EXP 	Device response: <KeyPress from None: t=51.3985088999616, value=left, duration=None>
51.4308 	EXP 	fixation: autoDraw = False
51.4308 	EXP 	grating: autoDraw = False
51.4308 	EXP 	grating: ori = np.float64(-6.5)
51.4308 	EXP 	fixation: autoDraw = True
51.5478 	EXP 	Device response: <KeyPress from None: t=51.3985088999616, value=left, duration=0.1430537000996992>
51.9307 	INFO 	Keyboard events cleared
51.9305 	EXP 	fixation: autoDraw = False
51.9305 	EXP 	grating: autoDraw = True
52.2311 	EXP 	grating: autoDraw = False
52.2327 	DATA 	Keypress: right
52.2475 	EXP 	Device response: <KeyPress from None: t=52.23236869997345, value=right, duration=None>
52.2635 	EXP 	fixation: autoDraw = False
52.2635 	EXP 	grating: autoDraw = False
52.2635 	EXP 	grating: ori = np.float64(7.0)
52.2635 	EXP 	fixation: autoDraw = True
52.3812 	EXP 	Device response: <KeyPress from None: t=52.23236869997345, value=right, duration=0.14592200005427003>
52.7634 	INFO 	Keyboard events cleared
52.7632 	EXP 	fixation: autoDraw = False
52.7632 	EXP 	grating: autoDraw = True
53.0632 	EXP 	grating: autoDraw = False
53.0802 	EXP 	Device response: <KeyPress from None: t=53.076113300048746, value=right, duration=None>
53.0817 	DATA 	Keypress: right
53.0962 	EXP 	fixation: autoDraw = False
53.0962 	EXP 	grating: autoDraw = False
53.0962 	EXP 	grating: ori = np.float64(7.0)
53.0962 	EXP 	fixation: autoDraw = True
53.3135 	EXP 	Device response: <KeyPress from None: t=53.076113300048746, value=right, duration=0.22394219995476305>
53.5795 	INFO 	Keyboard events cleared
53.5793 	EXP 	grating: autoDraw = True
53.5961 	EXP 	fixation: autoDraw = False
53.8793 	EXP 	grating: autoDraw = False
54.0463 	EXP 	Device response: <KeyPress from None: t=54.0440166000044, value=right, duration=None>
54.0478 	DATA 	Keypress: right
54.0625 	EXP 	fixation: autoDraw = False
54.0625 	EXP 	grating: autoDraw = False
54.0625 	EXP 	grating: ori = np.float64(7.0)
54.0625 	EXP 	fixation: autoDraw = True
54.2299 	EXP 	Device response: <KeyPress from None: t=54.0440166000044, value=right, duration=0.18112800002563745>
54.5622 	INFO 	Keyboard events cleared
54.5620 	EXP 	fixation: autoDraw = False
54.5620 	EXP 	grating: autoDraw = True
54.8620 	EXP 	grating: autoDraw = False
54.9632 	DATA 	Keypress: right
54.9790 	EXP 	Device response: <KeyPress from None: t=54.96218539995607, value=right, duration=None>
54.9953 	EXP 	fixation: autoDraw = False
54.9953 	EXP 	grating: autoDraw = False
54.9953 	EXP 	grating: ori = np.float64(6.5)
54.9953 	EXP 	fixation: autoDraw = True
55.1955 	EXP 	Device response: <KeyPress from None: t=54.96218539995607, value=right, duration=0.221389300073497>
55.4784 	INFO 	Keyboard events cleared
55.4783 	EXP 	grating: autoDraw = True
55.4949 	EXP 	fixation: autoDraw = False
55.7781 	EXP 	grating: autoDraw = False
55.8950 	EXP 	Device response: <KeyPress from None: t=55.88496090006083, value=right, duration=None>
55.8965 	DATA 	Keypress: right
55.9113 	EXP 	fixation: autoDraw = False
55.9113 	EXP 	grating: autoDraw = False
55.9113 	EXP 	grating: ori = np.float64(-6.5)
55.9113 	EXP 	fixation: autoDraw = True
56.0948 	EXP 	Device response: <KeyPress from None: t=55.88496090006083, value=right, duration=0.20117129990831017>
56.3947 	INFO 	Keyboard events cleared
56.3945 	EXP 	grating: autoDraw = True
56.4112 	EXP 	fixation: autoDraw = False
56.6942 	EXP 	grating: autoDraw = False
56.8783 	EXP 	Device response: <KeyPress from None: t=56.876498300000094, value=left, duration=None>
56.8800 	DATA 	Keypress: left
56.8939 	EXP 	fixation: autoDraw = False
56.8939 	EXP 	grating: autoDraw = False
56.8939 	EXP 	grating: ori = np.float64(-6.5)
56.8939 	EXP 	fixation: autoDraw = True
57.0613 	EXP 	Device response: <KeyPress from None: t=56.876498300000094, value=left, duration=0.18218590004835278>
57.3937 	INFO 	Keyboard events cleared
57.3935 	EXP 	fixation: autoDraw = False
57.3935 	EXP 	grating: autoDraw = True
57.6773 	EXP 	Device response: <KeyPress from None: t=57.6658352999948, value=right, duration=None>
57.6788 	DATA 	Keypress: right
57.6933 	EXP 	grating: autoDraw = False
57.6933 	EXP 	fixation: autoDraw = False
57.6933 	EXP 	grating: autoDraw = False
57.6933 	EXP 	grating: ori = np.float64(7.0)
57.6933 	EXP 	fixation: autoDraw = True
57.8270 	EXP 	Device response: <KeyPress from None: t=57.6658352999948, value=right, duration=0.14961389999371022>
58.1766 	INFO 	Keyboard events cleared
58.1765 	EXP 	grating: autoDraw = True
58.1931 	EXP 	fixation: autoDraw = False
58.4764 	EXP 	grating: autoDraw = False
58.6099 	EXP 	Device response: <KeyPress from None: t=58.603828500024974, value=right, duration=None>
58.6119 	DATA 	Keypress: right
58.6261 	EXP 	fixation: autoDraw = False
58.6261 	EXP 	grating: autoDraw = False
58.6261 	EXP 	grating: ori = np.float64(-7.0)
58.6261 	EXP 	fixation: autoDraw = True
58.7767 	EXP 	Device response: <KeyPress from None: t=58.603828500024974, value=right, duration=0.16686270001810044>
59.1093 	INFO 	Keyboard events cleared
59.1092 	EXP 	grating: autoDraw = True
59.1258 	EXP 	fixation: autoDraw = False
59.4091 	EXP 	grating: autoDraw = False
59.5611 	DATA 	Keypress: left
59.5761 	EXP 	Device response: <KeyPress from None: t=59.560618399991654, value=left, duration=None>
59.5921 	EXP 	fixation: autoDraw = False
59.5921 	EXP 	grating: autoDraw = False
59.5921 	EXP 	grating: ori = np.float64(-7.0)
59.5921 	EXP 	fixation: autoDraw = True
59.7593 	EXP 	Device response: <KeyPress from None: t=59.560618399991654, value=left, duration=0.18273650004994124>
60.0921 	INFO 	Keyboard events cleared
60.0919 	EXP 	fixation: autoDraw = False
60.0919 	EXP 	grating: autoDraw = True
60.3918 	EXP 	grating: autoDraw = False
60.5752 	EXP 	Device response: <KeyPress from None: t=60.57192290003877, value=left, duration=None>
60.5767 	DATA 	Keypress: left
60.5913 	EXP 	fixation: autoDraw = False
60.5913 	EXP 	grating: autoDraw = False
60.5913 	EXP 	grating: ori = np.float64(-6.5)
60.5913 	EXP 	fixation: autoDraw = True
60.7755 	EXP 	Device response: <KeyPress from None: t=60.57192290003877, value=left, duration=0.18872139998711646>
61.0750 	INFO 	Keyboard events cleared
61.0748 	EXP 	grating: autoDraw = True
61.0911 	EXP 	fixation: autoDraw = False
61.3744 	EXP 	grating: autoDraw = False
61.5096 	DATA 	Keypress: left
61.5250 	EXP 	Device response: <KeyPress from None: t=61.5089152000146, value=left, duration=None>
61.5411 	EXP 	fixation: autoDraw = False
61.5411 	EXP 	grating: autoDraw = False
61.5411 	EXP 	grating: ori = np.float64(-6.5)
61.5411 	EXP 	fixation: autoDraw = True
61.6749 	EXP 	Device response: <KeyPress from None: t=61.5089152000146, value=left, duration=0.1515502999536693>
62.0413 	INFO 	Keyboard events cleared
62.0411 	EXP 	fixation: autoDraw = False
62.0411 	EXP 	grating: autoDraw = True
62.3404 	EXP 	grating: autoDraw = False
62.4076 	EXP 	Device response: <KeyPress from None: t=62.40716040006373, value=left, duration=None>
62.4092 	DATA 	Keypress: left
62.4238 	EXP 	fixation: autoDraw = False
62.4238 	EXP 	grating: autoDraw = False
62.4238 	EXP 	grating: ori = np.float64(-6.5)
62.4238 	EXP 	fixation: autoDraw = True
62.5578 	EXP 	Device response: <KeyPress from None: t=62.40716040006373, value=left, duration=0.14302929991390556>
62.9070 	INFO 	Keyboard events cleared
62.9068 	EXP 	grating: autoDraw = True
62.9234 	EXP 	fixation: autoDraw = False
63.2066 	EXP 	grating: autoDraw = False
63.2403 	EXP 	Device response: <KeyPress from None: t=63.236228800029494, value=left, duration=None>
63.2419 	DATA 	Keypress: left
63.2566 	EXP 	fixation: autoDraw = False
63.2566 	EXP 	grating: autoDraw = False
63.2566 	EXP 	grating: ori = np.float64(-6.0)
63.2566 	EXP 	fixation: autoDraw = True
63.4072 	EXP 	Device response: <KeyPress from None: t=63.236228800029494, value=left, duration=0.16551029996480793>
63.7398 	INFO 	Keyboard events cleared
63.7396 	EXP 	grating: autoDraw = True
63.7561 	EXP 	fixation: autoDraw = False
64.0395 	EXP 	grating: autoDraw = False
64.0744 	EXP 	Device response: <KeyPress from None: t=64.0733985999832, value=left, duration=None>
64.0760 	DATA 	Keypress: left
64.0895 	EXP 	fixation: autoDraw = False
64.0895 	EXP 	grating: autoDraw = False
64.0895 	EXP 	grating: ori = np.float64(-6.0)
64.0895 	EXP 	fixation: autoDraw = True
64.2565 	EXP 	Device response: <KeyPress from None: t=64.0733985999832, value=left, duration=0.17980080004781485>
64.5895 	INFO 	Keyboard events cleared
64.5893 	EXP 	fixation: autoDraw = False
64.5893 	EXP 	grating: autoDraw = True
64.8890 	EXP 	grating: autoDraw = False
64.9726 	EXP 	Device response: <KeyPress from None: t=64.96997600002214, value=left, duration=None>
64.9741 	DATA 	Keypress: left
64.9886 	EXP 	fixation: autoDraw = False
64.9886 	EXP 	grating: autoDraw = False
64.9886 	EXP 	grating: ori = np.float64(-6.0)
64.9886 	EXP 	fixation: autoDraw = True
65.1559 	EXP 	Device response: <KeyPress from None: t=64.96997600002214, value=left, duration=0.16955250001046807>
65.4720 	INFO 	Keyboard events cleared
65.4718 	EXP 	grating: autoDraw = True
65.4885 	EXP 	fixation: autoDraw = False
65.7718 	EXP 	grating: autoDraw = False
65.8554 	EXP 	Device response: <KeyPress from None: t=65.84924400004093, value=left, duration=None>
65.8570 	DATA 	Keypress: left
65.8717 	EXP 	fixation: autoDraw = False
65.8717 	EXP 	grating: autoDraw = False
65.8717 	EXP 	grating: ori = np.float64(-5.5)
65.8717 	EXP 	fixation: autoDraw = True
66.0551 	EXP 	Device response: <KeyPress from None: t=65.84924400004093, value=left, duration=0.18947510002180934>
66.3547 	INFO 	Keyboard events cleared
66.3545 	EXP 	grating: autoDraw = True
66.3713 	EXP 	fixation: autoDraw = False
66.6546 	EXP 	grating: autoDraw = False
66.7379 	EXP 	Device response: <KeyPress from None: t=66.73486630001571, value=left, duration=None>
66.7394 	DATA 	Keypress: left
66.7543 	EXP 	fixation: autoDraw = False
66.7543 	EXP 	grating: autoDraw = False
66.7543 	EXP 	grating: ori = np.float64(5.5)
66.7543 	EXP 	fixation: autoDraw = True
66.9211 	EXP 	Device response: <KeyPress from None: t=66.73486630001571, value=left, duration=0.177068299963139>
67.2374 	INFO 	Keyboard events cleared
67.2373 	EXP 	grating: autoDraw = True
67.2539 	EXP 	fixation: autoDraw = False
67.5373 	EXP 	grating: autoDraw = False
67.6876 	EXP 	Device response: <KeyPress from None: t=67.67556300002616, value=right, duration=None>
67.6892 	DATA 	Keypress: right
67.7038 	EXP 	fixation: autoDraw = False
67.7038 	EXP 	grating: autoDraw = False
67.7038 	EXP 	grating: ori = np.float64(5.5)
67.7038 	EXP 	fixation: autoDraw = True
67.8207 	EXP 	Device response: <KeyPress from None: t=67.67556300002616, value=right, duration=0.14173219993244857>
68.2036 	INFO 	Keyboard events cleared
68.2034 	EXP 	fixation: autoDraw = False
68.2034 	EXP 	grating: autoDraw = True
68.5032 	EXP 	grating: autoDraw = False
68.6886 	DATA 	Keypress: right
68.7037 	EXP 	Device response: <KeyPress from None: t=68.68806459999178, value=right, duration=None>
68.7197 	EXP 	fixation: autoDraw = False
68.7197 	EXP 	grating: autoDraw = False
68.7197 	EXP 	grating: ori = np.float64(5.0)
68.7197 	EXP 	fixation: autoDraw = True
68.8701 	EXP 	Device response: <KeyPress from None: t=68.68806459999178, value=right, duration=0.1670535000739619>
69.2196 	INFO 	Keyboard events cleared
69.2195 	EXP 	fixation: autoDraw = False
69.2195 	EXP 	grating: autoDraw = True
69.5191 	EXP 	grating: autoDraw = False
69.6533 	EXP 	Device response: <KeyPress from None: t=69.6505874999566, value=right, duration=None>
69.6548 	DATA 	Keypress: right
69.6690 	EXP 	fixation: autoDraw = False
69.6690 	EXP 	grating: autoDraw = False
69.6690 	EXP 	grating: ori = np.float64(5.0)
69.6690 	EXP 	fixation: autoDraw = True
69.8198 	EXP 	Device response: <KeyPress from None: t=69.6505874999566, value=right, duration=0.16382860008161515>
70.1690 	INFO 	Keyboard events cleared
70.1689 	EXP 	fixation: autoDraw = False
70.1689 	EXP 	grating: autoDraw = True
70.4688 	EXP 	grating: autoDraw = False
70.5692 	EXP 	Device response: <KeyPress from None: t=70.56475360004697, value=right, duration=None>
70.5707 	DATA 	Keypress: right
70.5853 	EXP 	fixation: autoDraw = False
70.5853 	EXP 	grating: autoDraw = False
70.5853 	EXP 	grating: ori = np.float64(-5.0)
70.5853 	EXP 	fixation: autoDraw = True
70.7355 	EXP 	Device response: <KeyPress from None: t=70.56475360004697, value=right, duration=0.15572279994376004>
71.0851 	INFO 	Keyboard events cleared
71.0849 	EXP 	fixation: autoDraw = False
71.0849 	EXP 	grating: autoDraw = True
71.3846 	EXP 	grating: autoDraw = False
71.5183 	EXP 	Device response: <KeyPress from None: t=71.51552160002757, value=left, duration=None>
71.5199 	DATA 	Keypress: left
71.5344 	EXP 	fixation: autoDraw = False
71.5344 	EXP 	grating: autoDraw = False
71.5344 	EXP 	grating: ori = np.float64(-4.5)
71.5344 	EXP 	fixation: autoDraw = True
71.6853 	EXP 	Device response: <KeyPress from None: t=71.51552160002757, value=left, duration=0.16393069992773235>
72.0181 	INFO 	Keyboard events cleared
72.0179 	EXP 	grating: autoDraw = True
72.0344 	EXP 	fixation: autoDraw = False
72.3176 	EXP 	grating: autoDraw = False
72.4513 	EXP 	Device response: <KeyPress from None: t=72.43857810006011, value=left, duration=None>
72.4528 	DATA 	Keypress: left
72.4673 	EXP 	fixation: autoDraw = False
72.4673 	EXP 	grating: autoDraw = False
72.4673 	EXP 	grating: ori = np.float64(4.5)
72.4673 	EXP 	fixation: autoDraw = True
72.6175 	EXP 	Device response: <KeyPress from None: t=72.43857810006011, value=left, duration=0.17099719995167106>
72.9507 	INFO 	Keyboard events cleared
72.9505 	EXP 	grating: autoDraw = True
72.9670 	EXP 	fixation: autoDraw = False
73.2504 	EXP 	grating: autoDraw = False
73.4006 	EXP 	Device response: <KeyPress from None: t=73.38580990000628, value=right, duration=None>
73.4021 	DATA 	Keypress: right
73.4170 	EXP 	fixation: autoDraw = False
73.4170 	EXP 	grating: autoDraw = False
73.4170 	EXP 	grating: ori = np.float64(4.5)
73.4170 	EXP 	fixation: autoDraw = True
73.5677 	EXP 	Device response: <KeyPress from None: t=73.38580990000628, value=right, duration=0.17900300002656877>
73.9000 	INFO 	Keyboard events cleared
73.8998 	EXP 	grating: autoDraw = True
73.9165 	EXP 	fixation: autoDraw = False
74.1835 	EXP 	Device response: <KeyPress from None: t=74.17241710005328, value=left, duration=None>
74.1853 	DATA 	Keypress: left
74.1997 	EXP 	grating: autoDraw = False
74.1997 	EXP 	fixation: autoDraw = False
74.1997 	EXP 	grating: autoDraw = False
74.1997 	EXP 	grating: ori = np.float64(5.0)
74.1997 	EXP 	fixation: autoDraw = True
74.3502 	EXP 	Device response: <KeyPress from None: t=74.17241710005328, value=left, duration=0.17207289999350905>
74.6995 	INFO 	Keyboard events cleared
74.6993 	EXP 	fixation: autoDraw = False
74.6993 	EXP 	grating: autoDraw = True
74.9991 	EXP 	grating: autoDraw = False
75.0995 	EXP 	Device response: <KeyPress from None: t=75.09329760004766, value=right, duration=None>
75.1010 	DATA 	Keypress: right
75.1158 	EXP 	fixation: autoDraw = False
75.1158 	EXP 	grating: autoDraw = False
75.1158 	EXP 	grating: ori = np.float64(5.0)
75.1158 	EXP 	fixation: autoDraw = True
75.2993 	EXP 	Device response: <KeyPress from None: t=75.09329760004766, value=right, duration=0.1951630999101326>
75.5989 	INFO 	Keyboard events cleared
75.5988 	EXP 	grating: autoDraw = True
75.6154 	EXP 	fixation: autoDraw = False
75.8986 	EXP 	grating: autoDraw = False
75.9323 	EXP 	Device response: <KeyPress from None: t=75.93008289998397, value=right, duration=None>
75.9338 	DATA 	Keypress: right
75.9483 	EXP 	fixation: autoDraw = False
75.9483 	EXP 	grating: autoDraw = False
75.9483 	EXP 	grating: ori = np.float64(5.0)
75.9483 	EXP 	fixation: autoDraw = True
76.1155 	EXP 	Device response: <KeyPress from None: t=75.93008289998397, value=right, duration=0.18218120001256466>
76.4317 	INFO 	Keyboard events cleared
76.4316 	EXP 	grating: autoDraw = True
76.4481 	EXP 	fixation: autoDraw = False
76.7305 	EXP 	grating: autoDraw = False
76.8315 	EXP 	Device response: <KeyPress from None: t=76.82675700006075, value=right, duration=None>
76.8330 	DATA 	Keypress: right
76.8480 	EXP 	fixation: autoDraw = False
76.8480 	EXP 	grating: autoDraw = False
76.8480 	EXP 	grating: ori = np.float64(-4.5)
76.8480 	EXP 	fixation: autoDraw = True
77.0320 	EXP 	Device response: <KeyPress from None: t=76.82675700006075, value=right, duration=0.20258139993529767>
77.3313 	INFO 	Keyboard events cleared
77.3311 	EXP 	grating: autoDraw = True
77.3476 	EXP 	fixation: autoDraw = False
77.6308 	EXP 	grating: autoDraw = False
77.7809 	EXP 	Device response: <KeyPress from None: t=77.77005479997024, value=left, duration=None>
77.7824 	DATA 	Keypress: left
77.7972 	EXP 	fixation: autoDraw = False
77.7972 	EXP 	grating: autoDraw = False
77.7972 	EXP 	grating: ori = np.float64(-4.5)
77.7972 	EXP 	fixation: autoDraw = True
77.9315 	EXP 	Device response: <KeyPress from None: t=77.77005479997024, value=left, duration=0.15859610005281866>
78.2806 	INFO 	Keyboard events cleared
78.2804 	EXP 	grating: autoDraw = True
78.2972 	EXP 	fixation: autoDraw = False
78.5803 	EXP 	grating: autoDraw = False
78.5808 	EXP 	Device response: <KeyPress from None: t=78.57072279998101, value=right, duration=None>
78.5823 	DATA 	Keypress: right
78.5968 	EXP 	fixation: autoDraw = False
78.5968 	EXP 	grating: autoDraw = False
78.5968 	EXP 	grating: ori = np.float64(-5.0)
78.5968 	EXP 	fixation: autoDraw = True
78.7806 	EXP 	Device response: <KeyPress from None: t=78.57072279998101, value=right, duration=0.19393950002267957>
79.0798 	INFO 	Keyboard events cleared
79.0797 	EXP 	grating: autoDraw = True
79.0964 	EXP 	fixation: autoDraw = False
79.3798 	EXP 	grating: autoDraw = False
79.4139 	EXP 	Device response: <KeyPress from None: t=79.41293890005909, value=right, duration=None>
79.4154 	DATA 	Keypress: right
79.4297 	EXP 	fixation: autoDraw = False
79.4297 	EXP 	grating: autoDraw = False
79.4297 	EXP 	grating: ori = np.float64(-5.5)
79.4297 	EXP 	fixation: autoDraw = True
79.5637 	EXP 	Device response: <KeyPress from None: t=79.41293890005909, value=right, duration=0.14539909991435707>
79.8474 	EXP 	Device response: <KeyPress from None: t=79.8457378000021, value=left, duration=None>
79.8485 	DATA 	Keypress: left
79.9297 	INFO 	Keyboard events cleared
79.9295 	EXP 	fixation: autoDraw = False
79.9295 	EXP 	grating: autoDraw = True
80.0299 	EXP 	Device response: <KeyPress from None: t=79.8457378000021, value=left, duration=0.18163720006123185>
80.2292 	EXP 	grating: autoDraw = False
80.7625 	EXP 	Device response: <KeyPress from None: t=80.753213900025, value=right, duration=None>
80.7641 	DATA 	Keypress: right
80.7787 	EXP 	fixation: autoDraw = False
80.7787 	EXP 	grating: autoDraw = False
80.7787 	EXP 	grating: ori = np.float64(6.0)
80.7787 	EXP 	fixation: autoDraw = True
80.9962 	EXP 	Device response: <KeyPress from None: t=80.753213900025, value=right, duration=0.23520019999705255>
81.2620 	INFO 	Keyboard events cleared
81.2618 	EXP 	grating: autoDraw = True
81.2784 	EXP 	fixation: autoDraw = False
81.5616 	EXP 	grating: autoDraw = False
81.6287 	EXP 	Device response: <KeyPress from None: t=81.62344120000489, value=right, duration=None>
81.6303 	DATA 	Keypress: right
81.6450 	EXP 	fixation: autoDraw = False
81.6450 	EXP 	grating: autoDraw = False
81.6450 	EXP 	grating: ori = np.float64(6.0)
81.6450 	EXP 	fixation: autoDraw = True
81.7959 	EXP 	Device response: <KeyPress from None: t=81.62344120000489, value=right, duration=0.15528309997171164>
82.1282 	INFO 	Keyboard events cleared
82.1280 	EXP 	grating: autoDraw = True
82.1447 	EXP 	fixation: autoDraw = False
82.4120 	EXP 	Device response: <KeyPress from None: t=82.40922350005712, value=right, duration=None>
82.4135 	DATA 	Keypress: right
82.4277 	EXP 	grating: autoDraw = False
82.4277 	EXP 	fixation: autoDraw = False
82.4277 	EXP 	grating: autoDraw = False
82.4277 	EXP 	grating: ori = np.float64(-6.0)
82.4277 	EXP 	fixation: autoDraw = True
82.5948 	EXP 	Device response: <KeyPress from None: t=82.40922350005712, value=right, duration=0.1698070999700576>
82.9275 	INFO 	Keyboard events cleared
82.9273 	EXP 	fixation: autoDraw = False
82.9273 	EXP 	grating: autoDraw = True
83.2273 	EXP 	grating: autoDraw = False
83.3624 	DATA 	Keypress: left
83.3776 	EXP 	Device response: <KeyPress from None: t=83.36174980003852, value=left, duration=None>
83.3938 	EXP 	fixation: autoDraw = False
83.3938 	EXP 	grating: autoDraw = False
83.3938 	EXP 	grating: ori = np.float64(-5.5)
83.3938 	EXP 	fixation: autoDraw = True
83.5275 	EXP 	Device response: <KeyPress from None: t=83.36174980003852, value=left, duration=0.16048349998891354>
83.8770 	INFO 	Keyboard events cleared
83.8768 	EXP 	grating: autoDraw = True
83.8934 	EXP 	fixation: autoDraw = False
84.1105 	EXP 	Device response: <KeyPress from None: t=84.10845249996055, value=right, duration=None>
84.1122 	DATA 	Keypress: right
84.1266 	EXP 	fixation: autoDraw = False
84.1266 	EXP 	grating: autoDraw = False
84.1266 	EXP 	grating: ori = np.float64(-6.0)
84.1266 	EXP 	fixation: autoDraw = True
84.2938 	EXP 	Device response: <KeyPress from None: t=84.10845249996055, value=right, duration=0.17107720009516925>
84.6266 	INFO 	Keyboard events cleared
84.6264 	EXP 	fixation: autoDraw = False
84.6264 	EXP 	grating: autoDraw = True
84.9270 	EXP 	grating: autoDraw = False
84.9432 	EXP 	Device response: <KeyPress from None: t=84.92934689996764, value=left, duration=None>
84.9448 	DATA 	Keypress: left
84.9596 	EXP 	fixation: autoDraw = False
84.9596 	EXP 	grating: autoDraw = False
84.9596 	EXP 	grating: ori = np.float64(6.0)
84.9596 	EXP 	fixation: autoDraw = True
85.1268 	EXP 	Device response: <KeyPress from None: t=84.92934689996764, value=left, duration=0.18964430002961308>
85.4426 	INFO 	Keyboard events cleared
85.4424 	EXP 	grating: autoDraw = True
85.4591 	EXP 	fixation: autoDraw = False
85.7426 	EXP 	grating: autoDraw = False
85.7432 	EXP 	Device response: <KeyPress from None: t=85.74036589998286, value=left, duration=None>
85.7447 	DATA 	Keypress: left
85.7590 	EXP 	fixation: autoDraw = False
85.7590 	EXP 	grating: autoDraw = False
85.7590 	EXP 	grating: ori = np.float64(6.5)
85.7590 	EXP 	fixation: autoDraw = True
85.8925 	EXP 	Device response: <KeyPress from None: t=85.74036589998286, value=left, duration=0.1492617999901995>
86.2592 	INFO 	Keyboard events cleared
86.2589 	EXP 	fixation: autoDraw = False
86.2589 	EXP 	grating: autoDraw = True
86.5586 	EXP 	grating: autoDraw = False
86.6090 	EXP 	Device response: <KeyPress from None: t=86.59570940001868, value=left, duration=None>
86.6105 	DATA 	Keypress: left
86.6250 	EXP 	fixation: autoDraw = False
86.6250 	EXP 	grating: autoDraw = False
86.6250 	EXP 	grating: ori = np.float64(7.0)
86.6250 	EXP 	fixation: autoDraw = True
86.7422 	EXP 	Device response: <KeyPress from None: t=86.59570940001868, value=left, duration=0.13109549996443093>
86.7757 	EXP 	Device response: <KeyPress from None: t=86.77295799995773, value=right, duration=None>
86.7768 	DATA 	Keypress: right
86.9591 	EXP 	Device response: <KeyPress from None: t=86.77295799995773, value=right, duration=0.18072410009335726>
87.1251 	INFO 	Keyboard events cleared
87.1249 	EXP 	fixation: autoDraw = False
87.1249 	EXP 	grating: autoDraw = True
87.4247 	EXP 	grating: autoDraw = False
87.4750 	EXP 	Device response: <KeyPress from None: t=87.47013559995685, value=right, duration=None>
87.4767 	DATA 	Keypress: right
87.4912 	EXP 	fixation: autoDraw = False
87.4912 	EXP 	grating: autoDraw = False
87.4912 	EXP 	grating: ori = np.float64(-7.0)
87.4912 	EXP 	fixation: autoDraw = True
87.6417 	EXP 	Device response: <KeyPress from None: t=87.47013559995685, value=right, duration=0.16056870005559176>
87.9745 	INFO 	Keyboard events cleared
87.9743 	EXP 	grating: autoDraw = True
87.9910 	EXP 	fixation: autoDraw = False
88.2741 	EXP 	grating: autoDraw = False
88.4245 	EXP 	Device response: <KeyPress from None: t=88.4117288000416, value=left, duration=None>
88.4261 	DATA 	Keypress: left
88.4403 	EXP 	fixation: autoDraw = False
88.4403 	EXP 	grating: autoDraw = False
88.4403 	EXP 	grating: ori = np.float64(-7.0)
88.4403 	EXP 	fixation: autoDraw = True
88.6244 	EXP 	Device response: <KeyPress from None: t=88.4117288000416, value=left, duration=0.20037320000119507>
88.9240 	INFO 	Keyboard events cleared
88.9238 	EXP 	grating: autoDraw = True
88.9404 	EXP 	fixation: autoDraw = False
89.2235 	EXP 	grating: autoDraw = False
89.3239 	EXP 	Device response: <KeyPress from None: t=89.30959359998815, value=left, duration=None>
89.3254 	DATA 	Keypress: left
89.3400 	EXP 	fixation: autoDraw = False
89.3400 	EXP 	grating: autoDraw = False
89.3400 	EXP 	grating: ori = np.float64(6.5)
89.3400 	EXP 	fixation: autoDraw = True
89.4905 	EXP 	Device response: <KeyPress from None: t=89.30959359998815, value=left, duration=0.16573550004977733>
89.8232 	INFO 	Keyboard events cleared
89.8231 	EXP 	grating: autoDraw = True
89.8394 	EXP 	fixation: autoDraw = False
90.1229 	EXP 	grating: autoDraw = False
90.3233 	EXP 	Device response: <KeyPress from None: t=90.31587789999321, value=right, duration=None>
90.3243 	DATA 	Keypress: right
90.3394 	EXP 	fixation: autoDraw = False
90.3394 	EXP 	grating: autoDraw = False
90.3396 	EXP 	Adaptive Staircase: status = STOPPED
90.3801 	INFO 	saved data to 'C:\\Users\\ADMIN\\OneDrive\\Desktop\\PsychoPy\\data\\subject 1_Adaptive Staircase_2025-08-29_16h22.37.462.csv'
90.3821 	INFO 	saved data to C:\Users\ADMIN\OneDrive\Desktop\PsychoPy\data\subject 1_Adaptive Staircase_2025-08-29_16h22.37.462.psydat
90.7513 	WARNING 	Stopping key buffers but this could be dangerous ifother keyboards rely on the same.
